SN send to sfis: ZW16YZ3
Time UI-SFIS: 2021/10/04 20:23:41
SFIS->UI: @ZW16YZ3                 VSC1000-FXN              24c3f90c8365A8531A70A34F3  02DEFF21  53B5CCAADD594E734E896F4001B1F240   3E63C70293DA7AAD900C4609C24257F5   2DHH YAA4 N/A                                2140021624     V0991125    FT        PASS

Time SFIS->UI: 2021/10/04 20:23:41

Program still running !
Delay 1000 MiliSecond
Wait to have OVTI Serial Port
.
Start connect !
COM DUT OPENED!

Wait # !


# 


# 
Connect DUT sussess.
Config.FXCNVer:V000.00.01.007@mfg
Config.FW_BuildTime:2021
Config.IQCVer:20200729 V0.0.22
info
FXCN version: V000.00.01.007@mfg 
Build Time: 15:45:42 Feb  3 2021

FXCN version: V000.00.01.007@534

IQC version: 20200729 V0.0.22

MAC: 00:00:00:00:00:00, id2 0

SERIAL_NUM: ZW16YZ3

MODEL_NUM: 

HW_REV: 

ALS_LLUX: 

ALS_THRES_LUX: 

ALS_HLUX: 

2g_ssid: 

wl_bd_pref: 0x00 0x00 0x00 0x00 

enc_key: 0x00 0x00 0x00 0x00 0x00 0x00 0x00 0x00 0x00 0x00 0x00 0x00 0x00 0x00 0x00 0x00 

auth_key: 0x00 0x00 0x00 0x00 0x00 0x00 0x00 0x00 0x00 0x00 0x00 0x00 0x00 0x00 0x00 0x00 0x00 0x00 0x00 0x00 0x00 0x00 0x00 0x00 0x00 0x00 0x00 0x00 0x00 0x00 0x00 0x00 

wrap_key: 0x00 0x00 0x00 0x00 0x00 0x00 0x00 0x00 0x00 0x00 0x00 0x00 0x00 0x00 0x00 0x00 

wrap_data: 0x00 0x00 0x00 0x00 0x00 0x00 0x00 0x00 0x00 0x00 0x00 0x00 0x00 0x00 0x00 0x00 

# 
DUT.FXCNVer:V000.00.01.007@mfg
DUT.FW_BuildTime:15:45:42 Feb  3 2021
DUT.IQCVer:20200729 V0.0.22
DUTMAC: 00:00:00:00:00:00
SubGMCUVer:v0.1.7
fmcu ver

# 
SubG Version:v0.1.7 
Check mcu ver passed
===[ Check firmware version passed ... ]===

===[ Check Tamper Switch ]===
20:23:44
DUT.Write:fmcu TAMPERstart
fmcu TAMPERstart

# 
waiting click Tamper1 button
waiting click Tamper1 button
TAMPER:PASS 
Close: Button
20:23:47
DUT.Write:fmcu TAMPERstop
fmcu TAMPERstop

# 

======Check OTP======
MO:2140021624 OTP enable
check OTP key:22-43-a2-14-7-de-dc-d0-93-85-db-91-58-da-6c-2f-52-c4-58-c7-87-35-87-7d-a9-3c-d2-64-77-d6-98-cd-
20:23:48
DUT.Write:burn read_otp
burn read_otp
OTP[WRT] sboot: 800005
pub_key is:
22-43-a2-14-7-de-dc-d0-93-85-db-91-58-da-6c-2f-52-c4-58-c7-87-35-87-7d-a9-3c-d2-64-77-d6-98-cd-

# 
pub_key:22-43-a2-14-7-de-dc-d0-93-85-db-91-58-da-6c-2f-52-c4-58-c7-87-35-87-7d-a9-3c-d2-64-77-d6-98-cd--->OK

======Check OTP Passed ======


======Check Microchi Part Number======
20:23:48
DUT.Write:ate ft_test
ate ft_test
Device Serial Number: 0x01 0x23 0xe6 0xb3 0x76 0xc9 0xfa 0x93 0x09 
Device Revision: 0x00 0x00 0x60 0x02 


 PartNumber:: ATECC608A-MAHAP-T 

Device Config Zone:


0x01 0x23 0xE6 0xB3 0x00 0x00 0x60 0x02 0x76 0xC9 0xFA 0x93 0x09 0xC1 0x6D 0x00 
0xC0 0x00 0x00 0x00 0x9F 0x8F 0x8F 0x8F 0x8F 0x8F 0x0F 0x8F 0x8F 0x0F 0x8F 0x8F 
0x85 0x0F 0x0F 0x0F 0x0F 0x42 0x0F 0x8F 0x0F 0x8F 0x0F 0x8F 0x0F 0x8F 0x0F 0x8F 
0x87 0x62 0x8F 0x52 0xFF 0xFF 0xFF 0xFF 0x00 0x00 0x00 0x00 0xFF 0xFF 0xFF 0xFF 
0x00 0x00 0x00 0x00 0x00 0x00 0x00 0x00 0x00 0x00 0x00 0x00 0x00 0x00 0x00 0x00 
0x00 0x00 0x00 0x00 0x00 0x00 0x00 0x00 0x7F 0xFF 0x02 0x40 0x00 0x00 0x00 0x00 
0x18 0x00 0x1C 0x00 0x18 0x00 0x1C 0x00 0x7C 0x00 0x18 0x00 0x13 0x00 0x3C 0x00 
0x3C 0x00 0x10 0x00 0x10 0x00 0x1C 0x00 0x10 0x00 0x1C 0x00 0x33 0x00 0x3C 0x00 



[Pass] - Configuration zone is locked
ReadMGMKID start!


 MGMKID:: 88000001
ReadMGMKID end!




 [Pass] - Device Model ID :: VSC1000

Generating Random number to test secure element state:
[Pass] - Device state good -- random number generated by secure element:
0xcf 0xb4 0xf2 0x14 0xbd 0x58 0x54 0xe0 
0x73 0xe9 0x51 0x15 0xf4 0x9a 0x72 0xec 
0xff 0xef 0x8c 0x83 0xaf 0xc2 0xff 0x09 
0x22 0x61 0x97 0xc1 0x5f 0x1c 0x9a 0x28 


Done!

# 
MicroPartNumber:ATECC608A-MAHAP-T
SE_SN:0x01 0x23 0xe6 0xb3 0x76 0xc9 0xfa 0x93 0x09
MGMKID:88000001

======Check Microchi Part Number Passed ======

===[ Burn Sub-G Wi-Fi MAC ]===
20:23:49
DUT.Write:burn subg_wifi_mac 24 c3 f9 0c 83 65
burn subg_wifi_mac 24 c3 f9 0c 83 65

 value: 0x24 0xc3 0xf9 0xc

# 
===[ Burn Sub-G Wi-Fi MAC passed ... ]===
===[ Burn Serial Number ]===
20:23:50
DUT.Write:burn sn A8531A70A34F3
burn sn A8531A70A34F3
buf=4138, size=13, id2=2, FXCN_burn_data, 4774

-----len=13,id2=2----
buf 2006bc64, len d, id2 2

# 
===[ Burn serial number passed ... ]===
===[ Burn Hw Rev]===
Config hw ver: H6
20:23:50
DUT.Write:burn hw_rev H6
burn hw_rev H6
buf=4836, size=2, id2=4, FXCN_burn_data, 4774

-----len=2,id2=4----
buf 2006bc68, len 2, id2 4

# 
===[ Burn Hw passed ... ]===
===[ Burn Hw SubG Rev]===
Config hw SubG ver: 06
20:23:50
DUT.Write:burn subg_hw_revision 06
burn subg_hw_revision 06

 value: 0x6 

# 
===[ Burn Hw SubG passed ... ]===
===[ Burn Model ]===
20:23:50
DUT.Write:burn model_num VSC1000
burn model_num VSC1000
buf=5653, size=7, id2=3, FXCN_burn_data, 4774

-----len=7,id2=3----
buf 2006bc6b, len 7, id2 3

# 
===[ Burn model passed ... ]===
===[ Burn Sub-G Magic ]===
Burn subg_magic_open:
burn_cmd:burn subg_magic_open 6e 48 1c ff
burn_result:0x6e 0x48 0x1c 0xff
20:23:51
DUT.Write:burn subg_magic_open 6e 48 1c ff
burn subg_magic_open 6e 48 1c ff

 value: 0x6e 0x48 0x1c 0xff

# 
Burn subg_magic_protected:
burn_cmd:burn subg_magic_protected 91 b7 e3 00
burn_result:0x91 0xb7 0xe3 0x0
20:23:51
DUT.Write:burn subg_magic_protected 91 b7 e3 00
burn subg_magic_protected 91 b7 e3 00

 value: 0x91 0xb7 0xe3 0x0

# 
Burn Assembly variant:
ORION.ASSV=2
burn_cmd:burn subg_assembly_var 00 02
burn_result:0x0 0x2
20:23:52
DUT.Write:burn subg_assembly_var 00 02
burn subg_assembly_var 00 02

 value: 0x0 0x2

# 
Burn SubG mode:
burn_cmd:burn subg_mode 03
burn_result:0x3
20:23:52
DUT.Write:burn subg_mode 03
burn subg_mode 03

 value: 0x3 

# 
===[ Burn Sub-G Magic passed ... ]===
===[ Burn VeriSure Secure Key ]===
ORION.nodeid:02DEFF21
ORION.hash_key:3E63C70293DA7AAD900C4609C24257F5
ORION.crypt_key:53B5CCAADD594E734E896F4001B1F240
Burn subg_node_id:
20:23:52
DUT.Write:burn subg_node_id 02 DE FF 21
burn subg_node_id 02 DE FF 21

 value: 0x2 0xde 0xff 0x21

# 
Burn subg_hash_key:
20:23:53
DUT.Write:burn subg_hash_key 3E 63 C7 02 93 DA 7A AD 90 0C 46 09 C2 42 57 F5
burn subg_hash_key 3E 63 C7 02 93 DA 7A AD 90 0C 46 09 C2 42 57 F5

# 
Burn subg_crypt_key:
20:23:53
DUT.Write:burn subg_crypt_key 53 B5 CC AA DD 59 4E 73 4E 89 6F 40 01 B1 F2 40
burn subg_crypt_key 53 B5 CC AA DD 59 4E 73 4E 89 6F 40 01 B1 F2 40

# 
===[ Burn VeriSure Secure Key passed ... ]===
===[ Check EFR UART ]===
20:23:53
SDUT.Send:
{{(rxPacket)}{len:16}{timeUs:19794686}{timePos:4}{crc:Pass}{rssi:-76}{lqi:234}{phy:0}{isAck:False}{syncWordId:0}{antenna:0}{channelHopIdx:254}{payload: 0x0f 0x0e 0x11 0x22 0x33 0x44 0x55 0x66 0x77 0x88 0x99 0xaa 0xbb 0xcc 0xdd 0xee}}
{{(rxPacket)}{len:16}{timeUs:20050130}{timePos:4}{crc:Pass}{rssi:-74}{lqi:234}{phy:0}{isAck:False}{syncWordId:0}{antenna:0}{channelHopIdx:254}{payload: 0x0f 0x0e 0x11 0x22 0x33 0x44 0x55 0x66 0x77 0x88 0x99 0xaa 0xbb 0xcc 0xdd 0xee}}
{{(rxPacket)}{len:16}{timeUs:20305577}{timePos:4}{crc:Pass}{rssi:-75}{lqi:234}{phy:0}{isAck:False}{syncWordId:0}{antenna:0}{channelHopIdx:254}{payload: 0x0f 0x0e 0x11 0x22 0x33 0x44 0x55 0x66 0x77 0x88 0x99 0xaa 0xbb 0xcc 0xdd 0xee}}
 $ {{(rxPacket)}{len:16}{timeUs:20561011}{timePos:4}{crc:Pass}{rssi:-77}{lqi:232}{phy:0}{isAck:False}{syncWordId:0}{antenna:0}{channelHopIdx:254}{payload: 0x0f 0x0e 0x11 0x22 0x33 0x44 0x55 0x66 0x77 0x88 0x99 0xaa 0xbb 0xcc 0xdd 0xee}}
Send command command SubG success
{{(rxPacket)}{len:16}{timeUs:20816425}{timePos:4}{crc:Pass}{rssi:-79}{lqi:234}{phy:0}{isAck:False}{syncWordId:0}{antenna:0}{channelHopIdx:254}{payload: 0x0f 0x0e 0x11 0x22 0x33 0x44 0x55 0x66 0x77 0x88 0x99 0xaa 0xbb 0xcc 0xdd 0xee}}
{{(rxPacket)}{len:16}{timeUs:21071859}{timePos:4}{crc:Pass}{rssi:-86}{lqi:230}{phy:0}{isAck:False}{syncWordId:0}{antenna:0}{channelHopIdx:254}{payload: 0x0f 0x0e 0x11 0x22 0x33 0x44 0x55 0x66 0x77 0x88 0x99 0xaa 0xbb 0xcc 0xdd 0xee}}
20:23:55
SDUT.Send:rx 0
rx 0

{{(rx)}{Rx:Disabled}{Idle:Enabled}{Time:21115202}}
$ ===[ Check EFR UART passed ... ]===

skip check setting of fixture file
===[ Check LED]===
NumberLEDCheck= 3
Delete file .\CCDResult.ini 
RED LED,	fmcu rled off 50;fmcu gled off 50;fmcu bled off 50;fmcu rled on 50;fmcu rled on 50,	#,	300,100
***** Start check  RED LED. *****
Log:	fmcu rled off 50
20:23:56
DUT.Write:fmcu rled off 50
fmcu rled off 50

# 
Delay 100 MiliSecond
Log:fmcu gled off 50
20:23:57
DUT.Write:fmcu gled off 50
fmcu gled off 50

# 
Delay 100 MiliSecond
Log:fmcu bled off 50
20:23:57
DUT.Write:fmcu bled off 50
fmcu bled off 50

# 
Delay 100 MiliSecond
Log:fmcu rled on 50
20:23:57
DUT.Write:fmcu rled on 50
fmcu rled on 50

# 
Delay 100 MiliSecond
Log:fmcu rled on 50
20:23:58
DUT.Write:fmcu rled on 50
fmcu rled on 50

# 
Delay 100 MiliSecond
writeCCDControl.ini
Write test flag CCDControl.ini: 1
CCD v2.0.0.8,Status-Red:7-240-160,
Test time of : 4.1521591
Delete file .\CCDResult.ini 
Green LED ,	fmcu rled off 50;fmcu gled off 50;fmcu bled off 50;fmcu gled on 50;fmcu gled on 50,	#,	300,100
***** Start check  Green LED. *****
Log:	fmcu rled off 50
20:24:00
DUT.Write:fmcu rled off 50
fmcu rled off 50

# 
Delay 100 MiliSecond
Log:fmcu gled off 50
20:24:01
DUT.Write:fmcu gled off 50
fmcu gled off 50

# 
Delay 100 MiliSecond
Log:fmcu bled off 50
20:24:01
DUT.Write:fmcu bled off 50
fmcu bled off 50

# 
Delay 100 MiliSecond
Log:fmcu gled on 50
20:24:01
DUT.Write:fmcu gled on 50
fmcu gled on 50

# 
Delay 100 MiliSecond
Log:fmcu gled on 50
20:24:02
DUT.Write:fmcu gled on 50
fmcu gled on 50

# 
Delay 100 MiliSecond
writeCCDControl.ini
Write test flag CCDControl.ini: 2
CCD v2.0.0.8,Status-Green:90-215-150,
Test time of : 3.2981104
Delete file .\CCDResult.ini 
Blue LED,	fmcu rled off 50;fmcu gled off 50;fmcu bled off 50;fmcu bled on 50;fmcu bled on 50,	#,	300,100
***** Start check  Blue LED. *****
Log:	fmcu rled off 50
20:24:04
DUT.Write:fmcu rled off 50
fmcu rled off 50

# 
Delay 100 MiliSecond
Log:fmcu gled off 50
20:24:04
DUT.Write:fmcu gled off 50
fmcu gled off 50

# 
Delay 100 MiliSecond
Log:fmcu bled off 50
20:24:04
DUT.Write:fmcu bled off 50
fmcu bled off 50

# 
Delay 100 MiliSecond
Log:fmcu bled on 50
20:24:05
DUT.Write:fmcu bled on 50
fmcu bled on 50

# 
Delay 100 MiliSecond
Log:fmcu bled on 50
20:24:05
DUT.Write:fmcu bled on 50
fmcu bled on 50

# 
Delay 100 MiliSecond
writeCCDControl.ini
Write test flag CCDControl.ini: 3
CCD v2.0.0.8,Status-Blue:136-240-147,
Test time of : 3.5899704
20:24:07
DUT.Write:fmcu rled off 50
fmcu rled off 50

# 
20:24:07
DUT.Write:fmcu gled off 50
fmcu gled off 50

# 
20:24:08
DUT.Write:fmcu bled off 50
fmcu bled off 50

# 
Delay 100 MiliSecond
===[ Set parameter ]===
20:24:08
DUT.Write:wl --init
===[ Set parameter passed ... ]===

REG key path= SOFTWARE\Netgear\STATION\FT\NFT_MULTI11
Bind socket IQServer  sucess
20:24:10
DUT.Write:wl pkteng_stop tx
20:24:10
DUT.Write:wl --init
20:24:10
DUT.Write:wl ver
20:24:10
DUT.Write:wl mpc 0
20:24:10
DUT.Write:wl up
20:24:10
DUT.Write:wl phy_watchdog 0
20:24:11
DUT.Write:wl country ALL
20:24:11
DUT.Write:wl country
20:24:11
DUT.Write:wl pkteng_stop tx 
20:24:11
DUT.Write:wl band b
20:24:11
DUT.Write:wl channel 6
20:24:12
DUT.Write:wl up
20:24:12
DUT.Write:wl phy_forcecal 1
20:24:12
DUT.Write:wl scansuppress 1
20:24:13
DUT.Write:wl 2g_rate -r 1
20:24:13
DUT.Write:wl phy_txpwrctrl 1
20:24:13
DUT.Write:wl txpwr1 -o -d 21.5
20:24:14
DUT.Write:wl pkteng_start 00:00:00:00:00:01 tx 100 1024 0
20:24:16
DUT.Write:wl pkteng_stop tx
===[ Check Wifi NFT ]===
NFT_MULTI= Test with IQ Server
==========TEST NFT MULTI============= 
Start connect IQ_SERVER 
Read test item....
wl pkteng_stop tx

# 
wl --init
Wlan is inited already for brcm wl !

# 
wl ver
7/19/2017 build 0
wl0: Jun 22 2020 14:10:19 version 13.18.33 (r726175 WLTEST) FWID 01-6aeead41

# 
wl mpc 0

# 
wl up

# 
wl phy_watchdog 0

# 
wl country ALL

# 
wl country
#a (#a/0) <unknown>

# 
TX_VERIFY_POWER 2437 DSSS-1 HT20 #21.5 @1
Cmd: wl pkteng_stop tx 
Cmd: wl band b
Cmd: wl channel 6
Cmd: wl up
Cmd: wl phy_forcecal 1
Cmd: wl scansuppress 1
Cmd: wl 2g_rate -r 1
Cmd: wl phy_txpwrctrl 1
Cmd: wl txpwr1 -o -d 21.5
Cmd: wl pkteng_start 00:00:00:00:00:01 tx 100 1024 0
Cmd: 
 Try send command time 0
wl pkteng_stop tx 

# 
wl band b

# 
wl channel 6

# 
wl up

# 
wl phy_forcecal 1

# 
wl scansuppress 1

# 
wl 2g_rate -r 1

# 
wl phy_txpwrctrl 1

# 
wl txpwr1 -o -d 21.5

# 
wl pkteng_start 00:00:00:00:00:01 tx 100 1024 0

# 
Start send item to server: TX_VERIFY_POWER 2437 DSSS-1 HT20 #21.5 @1
Send iTems: TX_VERIFY_POWER 2437 DSSS-1 HT20 #21.5 @1 to server success...
Start get value from server
Value get from Server: PASS, [Step 2484] TX_VERIFY_POWER 2437 DSSS-1 HT20 #21.5 @1, Value: 19.33
wl pkteng_stop tx

# 
==========TEST NFT MULTI PASS============= 


==== Burn DSC3 Key ====Del all json file in local finished!
Copy from serverDelete file D:\DSC3\Orion\using\d4cc6774476e4ebabfd954ffded29de5.json 
d4cc6774476e4ebabfd954ffded29de5.json
D:\FT(U12I438)\CertKey
{"softAPPwd": "SQjnRe5vISIlQEY1", "certId": "d4cc6774476e4ebabfd954ffded29de5", "privateKey": "MIGTAgEAMBMGByqGSM49AgEGCCqGSM49AwEHBHkwdwIBAQQg2VqRZ5ceYBqDf9nDyuv/ibfoAlMJfheFgqUFUrYEbP6gCgYIKoZIzj0DAQehRANCAAQGA0gITLQc2MOWW9eg2av0W/K4kmS5c98Q4AtkmTJ9XQqcZbsMexq/pxqx502XK4OGd/UUA9QqihBdYk3+vVC9", "certData": ["MIIDQTCCAuegAwIBAgIBAzAKBggqhkjOPQQDAjCBhzELMAkGA1UEBhMCVVMxCzAJBgNVBAgMAkNBMSAwHgYDVQQKDBdBcmxvIFRlY2hub2xvZ2llcywgSW5jLjEjMCEGA1UECwwaQXJsbyBDZXJ0aWZpY2F0ZSBBdXRob3JpdHkxJDAiBgNVBAMMG0FybG8tVmVyaXN1cmUtQmlydGhDZXJ0LUlDQTAeFw0yMTA3MDcxOTM0MjFaFw00MTA3MDgxOTM0MjFaMIGCMQswCQYDVQQGEwJVUzEgMB4GA1UECgwXQXJsbyBUZWNobm9sb2dpZXMsIEluYy4xETAPBgNVBAcMCFNhbiBKb3NlMRMwEQYDVQQIDApDYWxpZm9ybmlhMSkwJwYDVQQDDCBkNGNjNjc3NDQ3NmU0ZWJhYmZkOTU0ZmZkZWQyOWRlNTBZMBMGByqGSM49AgEGCCqGSM49AwEHA0IABAYDSAhMtBzYw5Zb16DZq/Rb8riSZLlz3xDgC2SZMn1dCpxluwx7Gr+nGrHnTZcrg4Z39RQD1CqKEF1iTf69UL2jggFFMIIBQTAMBgNVHRMBAf8EAjAAMB0GA1UdDgQWBBRyrkn0WIvHwf9TqHr4KM4TTvtz3DCBwgYDVR0jBIG6MIG3gBTg0mY9ZsyuZDtDrotho3GPOuLhJaGBmqSBlzCBlDELMAkGA1UEBhMCVVMxCzAJBgNVBAgMAkNBMREwDwYDVQQHDAhTYW4gSm9zZTEgMB4GA1UECgwXQXJsbyBUZWNobm9sb2dpZXMsIEluYy4xIzAhBgNVBAsMGkFybG8gQ2VydGlmaWNhdGUgQXV0aG9yaXR5MR4wHAYDVQQDDBVBcmxvLVZlcmlzdXJlLVJvb3QtQ0GCAhAAMCAGA1UdJQEB/wQWMBQGCCsGAQUFBwMCBggrBgEFBQcDATArBgNVHREEJDAigiBkNGNjNjc3NDQ3NmU0ZWJhYmZkOTU0ZmZkZWQyOWRlNTAKBggqhkjOPQQDAgNIADBFAiAT0z+tKRcII5O1LzIQc7iXiHYc377SS158+QDtrZqamwIhAIpQ5S6llBEEnFdCid3rLf/ziTYJkLZEXXbLpZC5tzdO", "MIICiDCCAi6gAwIBAgICEAAwCgYIKoZIzj0EAwIwgZQxCzAJBgNVBAYTAlVTMQswCQYDVQQIDAJDQTERMA8GA1UEBwwIU2FuIEpvc2UxIDAeBgNVBAoMF0FybG8gVGVjaG5vbG9naWVzLCBJbmMuMSMwIQYDVQQLDBpBcmxvIENlcnRpZmljYXRlIEF1dGhvcml0eTEeMBwGA1UEAwwVQXJsby1WZXJpc3VyZS1Sb290LUNBMB4XDTIwMTEwOTE5MjgzNFoXDTQwMTEwNDE5MjgzNFowgYcxCzAJBgNVBAYTAlVTMQswCQYDVQQIDAJDQTEgMB4GA1UECgwXQXJsbyBUZWNobm9sb2dpZXMsIEluYy4xIzAhBgNVBAsMGkFybG8gQ2VydGlmaWNhdGUgQXV0aG9yaXR5MSQwIgYDVQQDDBtBcmxvLVZlcmlzdXJlLUJpcnRoQ2VydC1JQ0EwWTATBgcqhkjOPQIBBggqhkjOPQMBBwNCAARvAgJMdp2yYOtamNLzLFbYghWO/HYs8R+/AEMWmzhxurs5zENaIQW9A4ddblUnVwpdMBxqWV2EDIjnB0/ZnYGMo3sweTAdBgNVHQ4EFgQU4NJmPWbMrmQ7Q66LYaNxjzri4SUwHwYDVR0jBBgwFoAU5e5WFuUhaadLuAwWTpalRVBAa0gwEgYDVR0TAQH/BAgwBgEB/wIBADAOBgNVHQ8BAf8EBAMCAaYwEwYDVR0lBAwwCgYIKwYBBQUHAwIwCgYIKoZIzj0EAwIDSAAwRQIgPQIzKoDw8rwdfo21p6D8UU/thr6dLyqJyfw+svHNfhQCIQCjQBt4r+2jMzb3vc54ev8ijCLnMVvQXJJIGNrq+lG5Kg=="], "caCert": "MIICmzCCAkGgAwIBAgIJAKmkEQS7F1yPMAoGCCqGSM49BAMCMIGUMQswCQYDVQQGEwJVUzELMAkGA1UECAwCQ0ExETAPBgNVBAcMCFNhbiBKb3NlMSAwHgYDVQQKDBdBcmxvIFRlY2hub2xvZ2llcywgSW5jLjEjMCEGA1UECwwaQXJsbyBDZXJ0aWZpY2F0ZSBBdXRob3JpdHkxHjAcBgNVBAMMFUFybG8tVmVyaXN1cmUtUm9vdC1DQTAgFw0yMDExMDkxOTIwMDNaGA8yMDUwMTEwMjE5MjAwM1owgZQxCzAJBgNVBAYTAlVTMQswCQYDVQQIDAJDQTERMA8GA1UEBwwIU2FuIEpvc2UxIDAeBgNVBAoMF0FybG8gVGVjaG5vbG9naWVzLCBJbmMuMSMwIQYDVQQLDBpBcmxvIENlcnRpZmljYXRlIEF1dGhvcml0eTEeMBwGA1UEAwwVQXJsby1WZXJpc3VyZS1Sb290LUNBMFkwEwYHKoZIzj0CAQYIKoZIzj0DAQcDQgAE7PukS1DESO6CLRs/h5DEv9dLJdoh+KdNSsdu8RplrFWWXJxdH2Q3mFwAVaf7kTJ1UcVAALqPHXm6OZluo2qkuqN4MHYwHQYDVR0OBBYEFOXuVhblIWmnS7gMFk6WpUVQQGtIMB8GA1UdIwQYMBaAFOXuVhblIWmnS7gMFk6WpUVQQGtIMA8GA1UdEwEB/wQFMAMBAf8wDgYDVR0PAQH/BAQDAgGmMBMGA1UdJQQMMAoGCCsGAQUFBwMCMAoGCCqGSM49BAMCA0gAMEUCIQDRrJwoT8VYpn5IeM3CpeJIlHLFmtUN+55wBmdBbs5HaAIgHnAiTXYSObWfOXh2g3q2VGh5cf0XItQLo11bfeTUB50=", "partner": "verisure", "softAPSSID": "Arlo_2995"}


 Start to burn DSC3
CertID = d4cc6774476e4ebabfd954ffded29de5
MD5SUM = 5042
20:24:16
DUT.Write:burn dsc_cert_enc {"softAPPwd": "SQjnRe5vISIlQEY1", "certId": "d4cc6774476e4ebabfd954ffded29de5", "privateKey": "MIGTAgEAMBMGByqGSM49AgEGCCqGSM49AwEHBHkwdwIBAQQg2VqRZ5ceYBqDf9nDyuv/ibfoAlMJfheFgqUFUrYEbP6gCgYIKoZIzj0DAQehRANCAAQGA0gITLQc2MOWW9eg2av0W/K4kmS5c98Q4AtkmTJ9XQqcZbsMexq/pxqx502XK4OGd/UUA9QqihBdYk3+vVC9", "certData": ["MIIDQTCCAuegAwIBAgIBAzAKBggqhkjOPQQDAjCBhzELMAkGA1UEBhMCVVMxCzAJBgNVBAgMAkNBMSAwHgYDVQQKDBdBcmxvIFRlY2hub2xvZ2llcywgSW5jLjEjMCEGA1UECwwaQXJsbyBDZXJ0aWZpY2F0ZSBBdXRob3JpdHkxJDAiBgNVBAMMG0FybG8tVmVyaXN1cmUtQmlydGhDZXJ0LUlDQTAeFw0yMTA3MDcxOTM0MjFaFw00MTA3MDgxOTM0MjFaMIGCMQswCQYDVQQGEwJVUzEgMB4GA1UECgwXQXJsbyBUZWNobm9sb2dpZXMsIEluYy4xETAPBgNVBAcMCFNhbiBKb3NlMRMwEQYDVQQIDApDYWxpZm9ybmlhMSkwJwYDVQQDDCBkNGNjNjc3NDQ3NmU0ZWJhYmZkOTU0ZmZkZWQyOWRlNTBZMBMGByqGSM49AgEGCCqGSM49AwEHA0IABAYDSAhMtBzYw5Zb16DZq/Rb8riSZLlz3xDgC2SZMn1dCpxluwx7Gr+nGrHnTZcrg4Z39RQD1CqKEF1iTf69UL2jggFFMIIBQTAMBgNVHRMBAf8EAjAAMB0GA1UdDgQWBBRyrkn0WIvHwf9TqHr4KM4TTvtz3DCBwgYDVR0jBIG6MIG3gBTg0mY9ZsyuZDtDrotho3GPOuLhJaGBmqSBlzCBlDELMAkGA1UEBhMCVVMxCzAJBgNVBAgMAkNBMREwDwYDVQQHDAhTYW4gSm9zZTEgMB4GA1UECgwXQXJsbyBUZWNobm9sb2dpZXMsIEluYy4xIzAhBgNVBAsMGkFybG8gQ2VydGlmaWNhdGUgQXV0aG9yaXR5MR4wHAYDVQQDDBVBcmxvLVZlcmlzdXJlLVJvb3QtQ0GCAhAAMCAGA1UdJQEB/wQWMBQGCCsGAQUFBwMCBggrBgEFBQcDATArBgNVHREEJDAigiBkNGNjNjc3NDQ3NmU0ZWJhYmZkOTU0ZmZkZWQyOWRlNTAKBggqhkjOPQQDAgNIADBFAiAT0z+tKRcII5O1LzIQc7iXiHYc377SS158+QDtrZqamwIhAIpQ5S6llBEEnFdCid3rLf/ziTYJkLZEXXbLpZC5tzdO", "MIICiDCCAi6gAwIBAgICEAAwCgYIKoZIzj0EAwIwgZQxCzAJBgNVBAYTAlVTMQswCQYDVQQIDAJDQTERMA8GA1UEBwwIU2FuIEpvc2UxIDAeBgNVBAoMF0FybG8gVGVjaG5vbG9naWVzLCBJbmMuMSMwIQYDVQQLDBpBcmxvIENlcnRpZmljYXRlIEF1dGhvcml0eTEeMBwGA1UEAwwVQXJsby1WZXJpc3VyZS1Sb290LUNBMB4XDTIwMTEwOTE5MjgzNFoXDTQwMTEwNDE5MjgzNFowgYcxCzAJBgNVBAYTAlVTMQswCQYDVQQIDAJDQTEgMB4GA1UECgwXQXJsbyBUZWNobm9sb2dpZXMsIEluYy4xIzAhBgNVBAsMGkFybG8gQ2VydGlmaWNhdGUgQXV0aG9yaXR5MSQwIgYDVQQDDBtBcmxvLVZlcmlzdXJlLUJpcnRoQ2VydC1JQ0EwWTATBgcqhkjOPQIBBggqhkjOPQMBBwNCAARvAgJMdp2yYOtamNLzLFbYghWO/HYs8R+/AEMWmzhxurs5zENaIQW9A4ddblUnVwpdMBxqWV2EDIjnB0/ZnYGMo3sweTAdBgNVHQ4EFgQU4NJmPWbMrmQ7Q66LYaNxjzri4SUwHwYDVR0jBBgwFoAU5e5WFuUhaadLuAwWTpalRVBAa0gwEgYDVR0TAQH/BAgwBgEB/wIBADAOBgNVHQ8BAf8EBAMCAaYwEwYDVR0lBAwwCgYIKwYBBQUHAwIwCgYIKoZIzj0EAwIDSAAwRQIgPQIzKoDw8rwdfo21p6D8UU/thr6dLyqJyfw+svHNfhQCIQCjQBt4r+2jMzb3vc54ev8ijCLnMVvQXJJIGNrq+lG5Kg=="], "caCert": "MIICmzCCAkGgAwIBAgIJAKmkEQS7F1yPMAoGCCqGSM49BAMCMIGUMQswCQYDVQQGEwJVUzELMAkGA1UECAwCQ0ExETAPBgNVBAcMCFNhbiBKb3NlMSAwHgYDVQQKDBdBcmxvIFRlY2hub2xvZ2llcywgSW5jLjEjMCEGA1UECwwaQXJsbyBDZXJ0aWZpY2F0ZSBBdXRob3JpdHkxHjAcBgNVBAMMFUFybG8tVmVyaXN1cmUtUm9vdC1DQTAgFw0yMDExMDkxOTIwMDNaGA8yMDUwMTEwMjE5MjAwM1owgZQxCzAJBgNVBAYTAlVTMQswCQYDVQQIDAJDQTERMA8GA1UEBwwIU2FuIEpvc2UxIDAeBgNVBAoMF0FybG8gVGVjaG5vbG9naWVzLCBJbmMuMSMwIQYDVQQLDBpBcmxvIENlcnRpZmljYXRlIEF1dGhvcml0eTEeMBwGA1UEAwwVQXJsby1WZXJpc3VyZS1Sb290LUNBMFkwEwYHKoZIzj0CAQYIKoZIzj0DAQcDQgAE7PukS1DESO6CLRs/h5DEv9dLJdoh+KdNSsdu8RplrFWWXJxdH2Q3mFwAVaf7kTJ1UcVAALqPHXm6OZluo2qkuqN4MHYwHQYDVR0OBBYEFOXuVhblIWmnS7gMFk6WpUVQQGtIMB8GA1UdIwQYMBaAFOXuVhblIWmnS7gMFk6WpUVQQGtIMA8GA1UdEwEB/wQFMAMBAf8wDgYDVR0PAQH/BAQDAgGmMBMGA1UdJQQMMAoGCCsGAQUFBwMCMAoGCCqGSM49BAMCA0gAMEUCIQDRrJwoT8VYpn5IeM3CpeJIlHLFmtUN+55wBmdBbs5HaAIgHnAiTXYSObWfOXh2g3q2VGh5cf0XItQLo11bfeTUB50=", "partner": "verisure", "softAPSSID": "Arlo_2995"}
burn dsc_cert_enc {"softAPPwd": "SQjnRe5vISIlQEY1", "certId": "d4cc6774476e4ebabfd954ffded29de5", "privateKey": "MIGTAgEAMBMGByqGSM49AgEGCCqGSM49AwEHBHkwdwIBAQQg2VqRZ5ceYBqDf9nDyuv/ibfoAlMJfheFgqUFUrYEbP6gCgYIKoZIzj0DAQehRANCAAQGA0gITLQc2MOWW9eg2av0W/K4kmS5c98Q4AtkmTJ9XQqcZbsMexq/pxqx502XK4OGd/UUA9QqihBdYk3+vVC9", "certData": ["MIIDQTCCAuegAwIBAgIBAzAKBggqhkjOPQQDAjCBhzELMAkGA1UEBhMCVVMxCzAJBgNVBAgMAkNBMSAwHgYDVQQKDBdBcmxvIFRlY2hub2xvZ2llcywgSW5jLjEjMCEGA1UECwwaQXJsbyBDZXJ0aWZpY2F0ZSBBdXRob3JpdHkxJDAiBgNVBAMMG0FybG8tVmVyaXN1cmUtQmlydGhDZXJ0LUlDQTAeFw0yMTA3MDcxOTM0MjFaFw00MTA3MDgxOTM0MjFaMIGCMQswCQYDVQQGEwJVUzEgMB4GA1UECgwXQXJsbyBUZWNobm9sb2dpZXMsIEluYy4xETAPBgNVBAcMCFNhbiBKb3NlMRMwEQYDVQQIDApDYWxpZm9ybmlhMSkwJwYDVQQDDCBkNGNjNjc3NDQ3NmU0ZWJhYmZkOTU0ZmZkZWQyOWRlNTBZMBMGByqGSM49AgEGCCqGSM49AwEHA0IABAYDSAhMtBzYw5Zb16DZq/Rb8riSZLlz3xDgC2SZMn1dCpxluwx7Gr+nGrHnTZcrg4Z39RQD1CqKEF1iTf69UL2jggFFMIIBQTAMBgNVHRMBAf8EAjAAMB0GA1UdDgQWBBRyrkn0WIvHwf9TqHr4KM4TTvtz3DCBwgYDVR0jBIG6MIG3gBTg0mY9ZsyuZDtDrotho3GPOuLhJaGBmqSBlzCBlDELMAkGA1UEBhMCVVMxCzAJBgNVBAgMAkNBMREwDwYDVQQHDAhTYW4gSm9zZTEgMB4GA1UECgwXQXJsbyBUZWNobm9sb2dpZXMsIEluYy4xIzAhBgNVBAsMGkFybG8gQ2VydGlmaWNhdGUgQXV0aG9yaXR5MR4wHAYDVQQDDBVBcmxvLVZlcmlzdXJlLVJvb3QtQ0GCAhAAMCAGA1UdJQEB/wQWMBQGCCsGAQUFBwMCBggrBgEFBQcDATArBgNVHREEJDAigiBkNGNjNjc3NDQ3NmU0ZWJhYmZkOTU0ZmZkZWQyOWRlNTAKBggqhkjOPQQDAgNIADBFAiAT0z+tKRcII5O1LzIQc7iXiHYc377SS158+QDtrZqamwIhAIpQ5S6llBEEnFdCid3rLf/ziTYJkLZEXXbLpZC5tzdO", "MIICiDCCAi6gAwIBAgICEAAwCgYIKoZIzj0EAwIwgZQxCzAJBgNVBAYTAlVTMQswCQYDVQQIDAJDQTERMA8GA1UEBwwIU2FuIEpvc2UxIDAeBgNVBAoMF0FybG8gVGVjaG5vbG9naWVzLCBJbmMuMSMwIQYDVQQLDBpBcmxvIENlcnRpZmljYXRlIEF1dGhvcml0eTEeMBwGA1UEAwwVQXJsby1WZXJpc3VyZS1Sb290LUNBMB4XDTIwMTEwOTE5MjgzNFoXDTQwMTEwNDE5MjgzNFowgYcxCzAJBgNVBAYTAlVTMQswCQYDVQQIDAJDQTEgMB4GA1UECgwXQXJsbyBUZWNobm9sb2dpZXMsIEluYy4xIzAhBgNVBAsMGkFybG8gQ2VydGlmaWNhdGUgQXV0aG9yaXR5MSQwIgYDVQQDDBtBcmxvLVZlcmlzdXJlLUJpcnRoQ2VydC1JQ0EwWTATBgcqhkjOPQIBBggqhkjOPQMBBwNCAARvAgJMdp2yYOtamNLzLFbYghWO/HYs8R+/AEMWmzhxurs5zENaIQW9A4ddblUnVwpdMBxqWV2EDIjnB0/ZnYGMo3sweTAdBgNVHQ4EFgQU4NJmPWbMrmQ7Q66LYaNxjzri4SUwHwYDVR0jBBgwFoAU5e5WFuUhaadLuAwWTpalRVBAa0gwEgYDVR0TAQH/BAgwBgEB/wIBADAOBgNVHQ8BAf8EBAMCAaYwEwYDVR0lBAwwCgYIKwYBBQUHAwIwCgYIKoZIzj0EAwIDSAAwRQIgPQIzKoDw8rwdfo21p6D8UU/thr6dLyqJyfw+svHNfhQCIQCjQBt4r+2jMzb3vc54ev8ijCLnMVvQXJJIGNrq+lG5Kg=="], "caCert": "MIICmzCCAkGgAwIBAgIJAKmkEQS7F1yPMAoGCCqGSM49BAMCMIGUMQswCQYDVQQGEwJVUzELMAkGA1UECAwCQ0ExETAPBgNVBAcMCFNhbiBKb3NlMSAwHgYDVQQKDBdBcmxvIFRlY2hub2xvZ2llcywgSW5jLjEjMCEGA1UECwwaQXJsbyBDZXJ0aWZpY2F0ZSBBdXRob3JpdHkxHjAcBgNVBAMMFUFybG8tVmVyaXN1cmUtUm9vdC1DQTAgFw0yMDExMDkxOTIwMDNaGA8yMDUwMTEwMjE5MjAwM1owgZQxCzAJBgNVBAYTAlVTMQswCQYDVQQIDAJDQTERMA8GA1UEBwwIU2FuIEpvc2UxIDAeBgNVBAoMF0FybG8gVGVjaG5vbG9naWVzLCBJbmMuMSMwIQYDVQQLDBpBcmxvIENlcnRpZmljYXRlIEF1dGhvcml0eTEeMBwGA1UEAwwVQXJsby1WZXJpc3VyZS1Sb290LUNBMFkwEwYHKoZIzj0CAQYIKoZIzj0DAQcDQgAE7PukS1DESO6CLRs/h5DEv9dLJdoh+KdNSsdu8RplrFWWXJxdH2Q3mFwAVaf7kTJ1UcVAALqPHXm6OZluo2qkuqN4MHYwHQYDVR0OBBYEFOXuVhblIWmnS7gMFk6WpUVQQGtIMB8GA1UdIwQYMBaAFOXuVhblIWmnS7gMFk6WpUVQQGtIMA8GA1UdEwEB/wQFMAMBAf8wDgYDVR0PAQH/BAQDAgGmMBMGA1UdJQQMMAoGCCsGAQUFBwMCMAoGCCqGSM49BAMCA0gAMEUCIQDRrJwoT8VYpn5IeM3CpeJIlHLFmtUN+55wBmdBbs5HaAIgHnAiTXYSObWfOXh2g3q2VGh5cf0XItQLo11bfeTUB50=", "partner": "verisure", "softAPSSID": "Arlo_2995"}
buf=7B22, size=3268, id2=22, FXCN_burn_data, 4774
buf 203c85c4, len 2c, id2 14
buf 2088eb60, len ce0, id2 16

# 
Read DSC3 key
20:24:16
DUT.Write:burn read_dsc_cert_enc
burn read_dsc_cert_enc

dsc_cert_enc: ?

dsc_cert_cleartext: 
{"softAPPwd": "SQjnRe5vISIlQEY1", "certId": "d4cc6774476e4ebabfd954ffded29de5", "privateKey": "MIGTAgEAMBMGByqGSM49AgEGCCqGSM49AwEHBHkwdwIBAQQg2VqRZ5ceYBqDf9nDyuv/ibfoAlMJfheFgqUFUrYEbP6gCgYIKoZIzj0DAQehRANCAAQGA0gITLQc2MOWW9eg2av0W/K4kmS5c98Q4AtkmTJ9XQqcZbsMexq/pxqx502XK4OGd/UUA9QqihBdYk3+vVC9", "certData": ["MIIDQTCCAuegAwIBAgIBAzAKBggqhkjOPQQDAjCBhzELMAkGA1UEBhMCVVMxCzAJBgNVBAgMAkNBMSAwHgYDVQQKDBdBcmxvIFRlY2hub2xvZ2llcywgSW5jLjEjMCEGA1UECwwaQXJsbyBDZXJ0aWZpY2F0ZSBBdXRob3JpdHkxJDAiBgNVBAMMG0FybG8tVmVyaXN1cmUtQmlydGhDZXJ0LUlDQTAeFw0yMTA3MDcxOTM0MjFaFw00MTA3MDgxOTM0MjFaMIGCMQswCQYDVQQGEwJVUzEgMB4GA1UECgwXQXJsbyBUZWNobm9sb2dpZXMsIEluYy4xETAPBgNVBAcMCFNhbiBKb3NlMRMwEQYDVQQIDApDYWxpZm9ybmlhMSkwJwYDVQQDDCBkNGNjNjc3NDQ3NmU0ZWJhYmZkOTU0ZmZkZWQyOWRlNTBZMBMGByqGSM49AgEGCCqGSM49AwEHA0IABAYDSAhMtBzYw5Zb16DZq/Rb8riSZLlz3xDgC2SZMn1dCpxluwx7Gr+nGrHnTZcrg4Z39RQD1CqKEF1iTf69UL2jggFFMIIBQTAMBgNVHRMBAf8EAjAAMB0GA1UdDgQWBBRyrkn0WIvHwf9TqHr4KM4TTvtz3DCBwgYDVR0jBIG6MIG3gBTg0mY9ZsyuZDtDrotho3GPOuLhJaGBmqSBlzCBlDELMAkGA1UEBhMCVVMxCzAJBgNVBAgMAkNBMREwDwYDVQQHDAhTYW4gSm9zZTEgMB4GA1UECgwXQXJsbyBUZWNobm9sb2dpZXMsIEluYy4xIzAhBgNVBAsMGkFybG8gQ2VydGlmaWNhdGUgQXV0aG9yaXR5MR4wHAYDVQQDDBVBcmxvLVZlcmlzdXJlLVJvb3QtQ0GCAhAAMCAGA1UdJQEB/wQWMBQGCCsGAQUFBwMCBggrBgEFBQcDATArBgNVHREEJDAigiBkNGNjNjc3NDQ3NmU0ZWJhYmZkOTU0ZmZkZWQyOWRlNTAKBggqhkjOPQQDAgNIADBFAiAT0z+tKRcII5O1LzIQc7iXiHYc377SS158+QDtrZqamwIhAIpQ5S6llBEEnFdCid3rLf/ziTYJkLZEXXbLpZC5tzdO", "MIICiDCCAi6gAwIBAgICEAAwCgYIKoZIzj0EAwIwgZQxCzAJBgNVBAYTAlVTMQswCQYDVQQIDAJDQTERMA8GA1UEBwwIU2FuIEpvc2UxIDAeBgNVBAoMF0FybG8gVGVjaG5vbG9naWVzLCBJbmMuMSMwIQYDVQQLDBpBcmxvIENlcnRpZmljYXRlIEF1dGhvcml0eTEeMBwGA1UEAwwVQXJsby1WZXJpc3VyZS1Sb290LUNBMB4XDTIwMTEwOTE5MjgzNFoXDTQwMTEwNDE5MjgzNFowgYcxCzAJBgNVBAYTAlVTMQswCQYDVQQIDAJDQTEgMB4GA1UECgwXQXJsbyBUZWNobm9sb2dpZXMsIEluYy4xIzAhBgNVBAsMGkFybG8gQ2VydGlmaWNhdGUgQXV0aG9yaXR5MSQwIgYDVQQDDBtBcmxvLVZlcmlzdXJlLUJpcnRoQ2VydC1JQ0EwWTATBgcqhkjOPQIBBggqhkjOPQMBBwNCAARvAgJMdp2yYOtamNLzLFbYghWO/HYs8R+/AEMWmzhxurs5zENaIQW9A4ddblUnVwpdMBxqWV2EDIjnB0/ZnYGMo3sweTAdBgNVHQ4EFgQU4NJmPWbMrmQ7Q66LYaNxjzri4SUwHwYDVR0jBBgwFoAU5e5WFuUhaadLuAwWTpalRVBAa0gwEgYDVR0TAQH/BAgwBgEB/wIBADAOBgNVHQ8BAf8EBAMCAaYwEwYDVR0lBAwwCgYIKwYBBQUHAwIwCgYIKoZIzj0EAwIDSAAwRQIgPQIzKoDw8rwdfo21p6D8UU/thr6dLyqJyfw+svHNfhQCIQCjQBt4r+2jMzb3vc54ev8ijCLnMVvQXJJIGNrq+lG5Kg=="], "caCert": "MIICmzCCAkGgAwIBAgIJAKmkEQS7F1yPMAoGCCqGSM49BAMCMIGUMQswCQYDVQQGEwJVUzELMAkGA1UECAwCQ0ExETAPBgNVBAcMCFNhbiBKb3NlMSAwHgYDVQQKDBdBcmxvIFRlY2hub2xvZ2llcywgSW5jLjEjMCEGA1UECwwaQXJsbyBDZXJ0aWZpY2F0ZSBBdXRob3JpdHkxHjAcBgNVBAMMFUFybG8tVmVyaXN1cmUtUm9vdC1DQTAgFw0yMDExMDkxOTIwMDNaGA8yMDUwMTEwMjE5MjAwM1owgZQxCzAJBgNVBAYTAlVTMQswCQYDVQQIDAJDQTERMA8GA1UEBwwIU2FuIEpvc2UxIDAeBgNVBAoMF0FybG8gVGVjaG5vbG9naWVzLCBJbmMuMSMwIQYDVQQLDBpBcmxvIENlcnRpZmljYXRlIEF1dGhvcml0eTEeMBwGA1UEAwwVQXJsby1WZXJpc3VyZS1Sb290LUNBMFkwEwYHKoZIzj0CAQYIKoZIzj0DAQcDQgAE7PukS1DESO6CLRs/h5DEv9dLJdoh+KdNSsdu8RplrFWWXJxdH2Q3mFwAVaf7kTJ1UcVAALqPHXm6OZluo2qkuqN4MHYwHQYDVR0OBBYEFOXuVhblIWmnS7gMFk6WpUVQQGtIMB8GA1UdIwQYMBaAFOXuVhblIWmnS7gMFk6WpUVQQGtIMA8GA1UdEwEB/wQFMAMBAf8wDgYDVR0PAQH/BAQDAgGmMBMGA1UdJQQMMAoGCCsGAQUFBwMCMAoGCCqGSM49BAMCA0gAMEUCIQDRrJwoT8VYpn5IeM3CpeJIlHLFmtUN+55wBmdBbs5HaAIgHnAiTXYSObWfOXh2g3q2VGh5cf0XItQLo11bfeTUB50=", "partner": "verisure", "softAPSSID": "Arlo_2995"}


# 
CertID Read = d4cc6774476e4ebabfd954ffded29de5
Check DSC3 ID Length correct
Check key "softAPSSID" of DSC3  --> OK
Check partner of DSC3 key is "verisure" --> OK
MD5Sum_Burn:5042
===[ Burn DSC3 key Finished ... ]===


==== Burn DSC3 Key passed=======[ Switch to idle Mode Orion ]===
20:24:17
SDUT.Send:rx 0
rx 0

{{(rx)}{Rx:Disabled}{Idle:Enabled}{Time:44222965}}
$ Check switch to idle mode time0 
20:24:18
SDUT.Send:PIRWKUPtest 10
PIRWKUPtest 10 ==============Check: PIR WKUP MODE============== PIR WCFG:sen:0a,mid:00,mode:02,low:10 $ start enable

20:24:23
SDUT.Send:test_sleep
test_sleep ==============Check: sleep status============== enter EM4H Waiting DUT idle...
Waiting DUT idle...
Waiting DUT idle...
Waiting DUT idle...
Waiting DUT idle...
Waiting DUT idle...
Waiting DUT idle...
Switch to idle mode successful
===[  Switch to idle Mode passed ... ]===

===[ Check idle current Orion ]===
FLUKE TYPE= Victor 8246
adjust power =4.0VUI->MCU: PIN3_ON
PIN3_ON_OK
#*INS210
#*UI->MCU: PIN2_ON
PIN2_ON_OK
UI->MCU: PIN3_OFF
PIN3_OFF_OK
#*RD?
#*RD+0000.0+0000.?
Current time 0: 0 micro ample --> Fail
#*RD?
#*RD+0131.6+0000.?
Current time 1: 131.6 micro ample --> Fail
#*RD?
#*RD+0131.4+0000.?
Current time 2: 131.4 micro ample --> Fail
#*RD?
#*RD+0130.8+0000.?
Current time 3: 130.8 micro ample --> Fail
#*RD?
#*RD+0132.0+0000.?
Current time 4: 132 micro ample --> Fail
#*RD?
#*RD+0131.0+0000.?
Current time 5: 131 micro ample --> Fail
#*RD?
#*RD+0130.7+0000.?
Current time 6: 130.7 micro ample --> Fail
#*RD?
#*RD+0130.4+0000.?
Current time 7: 130.4 micro ample --> Fail
#*RD?
#*RD+0130.1+0000.?
Current time 8: 130.1 micro ample --> Fail
#*RD?
#*RD+0130.5+0000.?
Current time 9: 130.5 micro ample --> Fail
#*RD?
#*RD+0130.6+0000.?
Current time 0: 130.6 micro ample --> Fail
#*RD?
#*RD+0130.0+0000.?

Current time 1: 130 micro ample --> Fail
#*RD?
#*RD+0130.9+0000.?

Current time 2: 130.9 micro ample --> Fail
#*RD?
#*RD+0130.4+0000.?
Current time 3: 130.4 micro ample --> Fail
#*RD?
#*RD+0130.9+0000.?
Current time 4: 130.9 micro ample --> Fail
#*RD?
#*RD+0130.0+0000.?
Current time 5: 130 micro ample --> Fail
#*RD?
#*RD+0130.8+0000.?
Current time 6: 130.8 micro ample --> Fail
#*RD?
#*RD+0131.3+0000.?
Current time 7: 131.3 micro ample --> Fail
#*RD?
#*RD+0131.3+0000.?
Current time 8: 131.3 micro ample --> Fail
#*RD?
#*RD+0130.2+0000.?
Current time 9: 130.2 micro ample --> Fail
===[ Test current failed ... ]===

UI->MCU: PIN3_ON
PIN3_ON_OK
#*INS240
#*UI->MCU: PIN2_OFF
PIN2_OFF_OK
UI->MCU: PIN3_OFF
PIN3_OFF_OK
close LTE COM ok
Delay 0 MiliSecond
==============Start show fail=================
TEST PROGRAM VERSION:2.3.2.8  TEST CYCLE TIME:61
===[ IDL2 idle current higher than spec ... ]===

----------------Summary all test item--------------
Test item name                Result  Test time
 1.ConnectDUT                  PASS    1.93s 
 2.CheckFWVersion_Orion        PASS    1.08s 
 3.CheckTamperSwitch           PASS    3.62s 
 4.CheckOTP                    PASS    0.15s 
 5.CheckMicroPartNumber        PASS    0.69s 
 6.BurnMacSubG                 PASS    0.44s 
 7.BurnSerialNumber            PASS    0.34s 
 8.BurnHwRev_Orion             PASS    0.33s 
 9.BurnHwRev_SubG              PASS    0.45s 
10.BurnModel                   PASS    0.13s 
11.BurnSubGMagic               PASS    1.65s 
12.BurnVeriSureSecureKey       PASS    1.17s 
13.CheckEFRUART                PASS    1.74s 
14.CheckLED_Orion              PASS    12.99s
15.SetParameter1               PASS    1.7s  
16.CheckNFT                    PASS    5.94s 
17.DUTBurnDSC3Key              PASS    1.37s 
18.SwitchToIdleMode_Orion      PASS    14.36s
19.CheckCurrentIdle_Orion      FAIL    10.41s
20.WakeupDUTFromIdleMode                     
21.CheckCurrentWakeup_Gen5                   
22.SendSfis                                  
---------------------------------------------------
Write summary log server: F:\lsy\ID\U12I438\VSC1000-FXN\FT -> OK
Write summary log localD:\Arlo_Logs\U12I438\VSC1000-FXN\FT\04-10-2021 -> OK
  SendSfis ,  0 , ,SMO 2140021624,,SEMPID V0991125,ATECC608A-MAHAP-T,0x01 0x23 0xe6 0xb3 0x76 0xc9 0xfa 0x93 0x09,88000001,CCD v2.0.0.8,Status-Red:7-240-160,CCD v2.0.0.8,Status-Green:90-215-150,CCD v2.0.0.8,Status-Blue:136-240-147,,NFT, 19.33,, d4cc6774476e4ebabfd954ffded29de5, 5042,,idle_Current,130.2,ConnectDUT , 1.93 , CheckFWVersion_Orion , 1.08 , CheckTamperSwitch , 3.62 , CheckOTP , 0.15 , CheckMicroPartNumber , 0.69 , BurnMacSubG , 0.44 , BurnSerialNumber , 0.34 , BurnHwRev_Orion , 0.33 , BurnHwRev_SubG , 0.45 , BurnModel , 0.13 , BurnSubGMagic , 1.65 , BurnVeriSureSecureKey , 1.17 , CheckEFRUART , 1.74 , CheckLED_Orion , 12.99 , SetParameter1 , 1.7 , CheckNFT , 5.94 , DUTBurnDSC3Key , 1.37 , SwitchToIdleMode_Orion , 14.36 , CheckCurrentIdle_Orion , 10.41 , WakeupDUTFromIdleMode ,  0 , CheckCurrentWakeup_Gen5 ,  0 , 5/19/2021 12:00:00 AM,
Start send data to mydas !

Not enable mydas..
Details log local folder: D:\Arlo_Logs\U12I438\VSC1000-FXN\FT\04-10-2021\FAIL
