Checking ABA status...
No record, test directly
iaba :-1
get fromWait to have OVTI Serial Port
 from flash
MCU type:0
id2:8 addr = 1bb1b0, len = 152c0
Load mcu.bin from SFlash.
wiced_hci: HCI_RESET success.
wiced_hci: UPDATE_BAUDRATE success.
wiced_hci: DOWNLOAD_MINIDRIVER success.
.................................................................................................................................................................................................................................................................................................................................................................wiced_hci: WRITE_RAM success.
wiced_hci: LAUNCH_RAM success.
uart0 flow[Y] init!!!
hassflash 1
flash name W25Q128F
calib hdlen : 1000, area size : 19000 area addr : fa5000
Current Board ID:12
Init GPIO interface.
Init FXCN_burnin_init.
Init FXCN_mcu_init.
Init switchmode_init.
Init workmode_init.
Init FXCN_rssi_init.
Init FXCN_version_init.
Init param area.
FXCN throughput test init done.
FXCN debug param init done.

<Dev Info>
	sn: 00005442550a6bf6
	pw: SbVwPXQO
	mac: a4-11-62-b9-e1-4e
<WiFi Info>
	ssid: testap
	key: abcdef1234
	country_code: CN
	security: auto
Easycam is initialized.

work_mode:0
[INFO]: Work mode:0.
Misc thread start!!!
.
Start connect !
COM DUT OPENED!

Wait # !


# 


# 
Connect DUT sussess.
mfg
2020
1.0.12 E.1
info
FXCN version: V000.00.03.023@_mfg 
Build Time: 18:44:05 Jun  4 2020

FXCN version: V000.00.03.023@79838

IQC version: 1.0.12 E.1

MAC: A4:11:62:B9:E1:4E, id2 0

SERIAL_NUM: A6D10B77A06CF

MODEL_NUM: VMC5040

HW_REV: H10

BLE_MAC: A4:11:62:B9:E1:4F, id2 5

ALS_LLUX: 24.25%

ALS_THRES_LUX: 

ALS_HLUX: 000259

2g_ssid: testgen5

2g_passwd: 123456a@123456

5g_ssid: 

5g_passwd: 

wl_bd_pref: 0x00 0x00 0x00 0x00 

enc_key: 0x00 0x00 0x00 0x00 0x00 0x00 0x00 0x00 0x00 0x00 0x00 0x00 0x00 0x00 0x00 0x00 

auth_key: 0x00 0x00 0x00 0x00 0x00 0x00 0x00 0x00 0x00 0x00 0x00 0x00 0x00 0x00 0x00 0x00 0x00 0x00 0x00 0x00 0x00 0x00 0x00 0x00 0x00 0x00 0x00 0x00 0x00 0x00 0x00 0x00 

wrap_key: 0x00 0x00 0x00 0x00 0x00 0x00 0x00 0x00 0x00 0x00 0x00 0x00 0x00 0x00 0x00 0x00 

wrap_data: 0x00 0x00 0x00 0x00 0x00 0x00 0x00 0x00 0x00 0x00 0x00 0x00 0x00 0x00 0x00 0x00 

# 
V000.00.03.023@_mfg
18:44:05 Jun  4 2020
1.0.12 E.1
DUTMAC: A4:11:62:B9:E1:4E
===[ Check firmware version passed ... ]===

===Start Read CertKey===
14:31:58
burn read_cert

cert_json: {"caCert": "MIICfTCCAiSgAwIBAgIJAJkXUokMBL2tMAoGCCqGSM49BAMCMIGQMQswCQYDVQQGEwJVUzETMBEGA1UECAwKQ2FsaWZvcm5pYTERMA8GA1UEBwwIU2FuIEpvc2UxIDAeBgNVBAoMF0FybG8gVGVjaG5vbG9naWVzLCBJbmMuMQswCQYDVQQLDAJJVDEqMCgGA1UEAwwhQXJsbyBUZWNobm9sb2dpZXMgRmFjdG9yeSBSb290IENBMCAXDTE4MDYyOTIyMzcyN1oYDzIwNjgwNjE2MjIzNzI3WjCBkDELMAkGA1UEBhMCVVMxEzARBgNVBAgMCkNhbGlmb3JuaWExETAPBgNVBAcMCFNhbiBKb3NlMSAwHgYDVQQKDBdBcmxvIFRlY2hub2xvZ2llcywgSW5jLjELMAkGA1UECwwCSVQxKjAoBgNVBAMMIUFybG8gVGVjaG5vbG9naWVzIEZhY3RvcnkgUm9vdCBDQTBZMBMGByqGSM49AgEGCCqGSM49AwEHA0IABBU7zYeEf+XXwBa39qxbmwaZalomZfmyNEETpx/Wzq2qnIxCXoZZg4I0c0cLh8aoRiWFbUicded317NwctHfzMWjYzBhMB0GA1UdDgQWBBTG1zzdVjEICxSx4RTQgUFmGSEWGzAfBgNVHSMEGDAWgBTG1zzdVjEICxSx4RTQgUFmGSEWGzAPBgNVHRMBAf8EBTADAQH/MA4GA1UdDwEB/wQEAwIBhjAKBggqhkjOPQQDAgNHADBEAiAbSkXyruEl0HkpDNUJboNC70jfEMEoTC/QTgNOci6VYwIgGXK84beIklL7L6sVKCl1aOYlV2oyaLlJWBbw3aO8blI=", "certId": "7c7950e35a8a43328e8f5a19e39e200e", "privateKey": "MIGTAgEAMBMGByqGSM49AgEGCCqGSM49AwEHBHkwdwIBAQQgO424oTymEylvw/KryQS+NwefIBLDqELVVYchTsR1o++gCgYIKoZIzj0DAQehRANCAAQ2xnvNL7p/s2qQjH+0+zkGbVoDt16JQlp/up/80k+3DkNsg8PKs4QQN7sIgIfnkVlhhpDwblwjdzBtbtrwDRIz", "certData": ["MIIDOzCCAuGgAwIBAgIBATAKBggqhkjOPQQDAjCBhTELMAkGA1UEBhMCVVMxEzARBgNVBAgMCkNhbGlmb3JuaWExIDAeBgNVBAoMF0FybG8gVGVjaG5vbG9naWVzLCBJbmMuMQswCQYDVQQLDAJJVDEyMDAGA1UEAwwpQXJsbyBUZWNobm9sb2dpZXMgRmFjdG9yeSBJbnRlcm1lZGlhdGUgQ0EwHhcNMjAxMDIwMDgxNTU1WhcNNDAxMDIxMDgxNTU1WjCBgjELMAkGA1UEBhMCVVMxIDAeBgNVBAoMF0FybG8gVGVjaG5vbG9naWVzLCBJbmMuMREwDwYDVQQHDAhTYW4gSm9zZTETMBEGA1UECAwKQ2FsaWZvcm5pYTEpMCcGA1UEAwwgN2M3OTUwZTM1YThhNDMzMjhlOGY1YTE5ZTM5ZTIwMGUwWTATBgcqhkjOPQIBBggqhkjOPQMBBwNCAAQ2xnvNL7p/s2qQjH+0+zkGbVoDt16JQlp/up/80k+3DkNsg8PKs4QQN7sIgIfnkVlhhpDwblwjdzBtbtrwDRIzo4IBQTCCAT0wDAYDVR0TAQH/BAIwADAdBgNVHQ4EFgQUF3rAbs6ksSSLR1QrympSmL6Anfowgb4GA1UdIwSBtjCBs4AUTDP2+9Dyzk8jbQaNuun5ZuqfJ2mhgZakgZMwgZAxCzAJBgNVBAYTAlVTMRMwEQYDVQQIDApDYWxpZm9ybmlhMREwDwYDVQQHDAhTYW4gSm9zZTEgMB4GA1UECgwXQXJsbyBUZWNobm9sb2dpZXMsIEluYy4xCzAJBgNVBAsMAklUMSowKAYDVQQDDCFBcmxvIFRlY2hub2xvZ2llcyBGYWN0b3J5IFJvb3QgQ0GCAhABMCAGA1UdJQEB/wQWMBQGCCsGAQUFBwMCBggrBgEFBQcDATArBgNVHREEJDAigiA3Yzc5NTBlMzVhOGE0MzMyOGU4ZjVhMTllMzllMjAwZTAKBggqhkjOPQQDAgNIADBFAiEAj65Z5v5FLeW+04sliFSp539xmYOQ3gkr2tIo38gBongCIEm/aM7iD9r6w0UlprQlPVYEQaqtYctUuLtJxPT6dDnY", "MIICbTCCAhOgAwIBAgICEAEwCgYIKoZIzj0EAwIwgZAxCzAJBgNVBAYTAlVTMRMwEQYDVQQIDApDYWxpZm9ybmlhMREwDwYDVQQHDAhTYW4gSm9zZTEgMB4GA1UECgwXQXJsbyBUZWNobm9sb2dpZXMsIEluYy4xCzAJBgNVBAsMAklUMSowKAYDVQQDDCFBcmxvIFRlY2hub2xvZ2llcyBGYWN0b3J5IFJvb3QgQ0EwHhcNMTgwNjI5MjI0MTI1WhcNNDMwNjIzMjI0MTI1WjCBhTELMAkGA1UEBhMCVVMxEzARBgNVBAgMCkNhbGlmb3JuaWExIDAeBgNVBAoMF0FybG8gVGVjaG5vbG9naWVzLCBJbmMuMQswCQYDVQQLDAJJVDEyMDAGA1UEAwwpQXJsbyBUZWNobm9sb2dpZXMgRmFjdG9yeSBJbnRlcm1lZGlhdGUgQ0EwWTATBgcqhkjOPQIBBggqhkjOPQMBBwNCAAQqIxvvvyTE4KzqpSKiTslr6TyHZQTf0D8VidOlcdZR9WbTr5qS3C4k6b0V06HlyCcjYaTzTSdm0QebuTrtaPqGo2YwZDAdBgNVHQ4EFgQUTDP2+9Dyzk8jbQaNuun5ZuqfJ2kwHwYDVR0jBBgwFoAUxtc83VYxCAsUseEU0IFBZhkhFhswEgYDVR0TAQH/BAgwBgEB/wIBADAOBgNVHQ8BAf8EBAMCAYYwCgYIKoZIzj0EAwIDSAAwRQIgbaY7q2Dqxjr3XcWBHUsCLt4zNyiMm16NqEqgwrguK9oCIQDzBKvBEx4+o3WHQpLatEBHsneyCN9D8zxONDUHKNtsUw=="]}

# 


# 
14:31:58
burn check_cert
Cert CRC16:8227

# 
===Start check PIR trigger 2G===
Long Allready telneted
Disable Golden WiFi 5G and disable wifi 2G on Golden_5G ...
Golden_Long.Send:=> wl  down
wl  down
# 
# Golden_Long.Send:=> wl -i eth2 down
wl -i eth2 down
# 
# Allready telneted
Enable Golden WiFi 2G and disable wifi 5G on Golden_5G ...
wl -i eth2 down
# 
# wl radio on
# 
# wl up
# 
# wl isup
1
# 
# 

# 
info
FXCN version: V000.00.03.023@_mfg 
Build Time: 18:44:05 Jun  4 2020

FXCN version: V000.00.03.023@79838

IQC version: 1.0.12 E.1

MAC: A4:11:62:B9:E1:4E, id2 0

SERIAL_NUM: A6D10B77A06CF

MODEL_NUM: VMC5040

HW_REV: H10

BLE_MAC: A4:11:62:B9:E1:4F, id2 5

ALS_LLUX: 24.25%

ALS_THRES_LUX: 

ALS_HLUX: 000259

2g_ssid: testgen5

2g_passwd: 123456a@123456

5g_ssid: 

5g_passwd: 

wl_bd_pref: 0x00 0x00 0x00 0x00 

enc_key: 0x00 0x00 0x00 0x00 0x00 0x00 0x00 0x00 0x00 0x00 0x00 0x00 0x00 0x00 0x00 0x00 

auth_key: 0x00 0x00 0x00 0x00 0x00 0x00 0x00 0x00 0x00 0x00 0x00 0x00 0x00 0x00 0x00 0x00 0x00 0x00 0x00 0x00 0x00 0x00 0x00 0x00 0x00 0x00 0x00 0x00 0x00 0x00 0x00 0x00 

wrap_key: 0x00 0x00 0x00 0x00 0x00 0x00 0x00 0x00 0x00 0x00 0x00 0x00 0x00 0x00 0x00 0x00 

wrap_data: 0x00 0x00 0x00 0x00 0x00 0x00 0x00 0x00 0x00 0x00 0x00 0x00 0x00 0x00 0x00 0x00 

# 
SN send to sfis: A6D10B77A06CF
Can not get SN send to SFIS
===[ START TO TEST CHANNEL 6 - 2G]===
wl down
# 
# Chanspec set to 0x1000
#wl up
# 
# wl isup
1
# 
# SETOKiperfiperfServerwindowPtr: 17106822
Found window iperft test 
14:32:02
wl --init
Load wifi para from SFlash
WiFi FW Type:mfg
select scio 2
scio_init: enter scio init, mode:4
scio_init: card_bus_width_switch failed, reset sdio
sdio function num=3, wifi_run_flag=0
Getting WIFI mfg FW(FW1)
id2:15 addr = 4c5ff0, len = 71b40
 len 465728...board_bcm4334fw_get len 465728
Getting WIFI FW(FW2) by 16
id2:16 addr = 537b30, len = 10c0
board_firmware_get len 4288
Could not set Country code
need download clm data
Getting WIFI FW(FW3) by 33
id2:33 addr = 793ab0, len = 1e40
board_clmdata_get len 7744
WLAN MAC Address : 00:90:4C:2A:0A:00
WLAN Firmware    : wl0: Jul  3 2019 20:17:59 version 13.18 (TOB) (r717485 WLTEST) FWID 01-d1dab339
WLAN CLM         : API: 18.2 Data: 9.10.0 Compiler: 1.36.1 ClmImport: 1.34.1 Creation: 2018-09-21 16:18:59 

# 
14:32:03
wl band b

# 
14:32:03
wl 2g_rate -r 2

# 
14:32:03
wl rate
2 Mbps

# 
14:32:03
wl mpc 0

# 
14:32:03
wl antdiv_en 0

# 
14:32:04
wl antdiv 0

# 
Golden 2G SSID:NETGEAR21 
Setting DUT WiFi connection  
14:32:04
ov wifi_connect NETGEAR21 abcdef1234
CountryCode :US
select scio 2
scio_init: enter scio init, mode:4
sdio function num=3, wifi_run_flag=1
WLAN MAC Address : A4:11:62:B9:E1:4E
WLAN Firmware    : wl0: Jul  3 2019 20:17:59 version 13.18 (TOB) (r717485 WLTEST) FWID 01-d1dab339
WLAN CLM         : API: 18.2 Data: 9.10.0 Compiler: 1.36.1 ClmImport: 1.34.1 Creation: 2018-09-21 16:18:59 
wlan_is_connected: not associated!
Joining : NETGEAR21
wlan_msg_hdl_cb(1)
Successfully joined : NETGEAR21
WIFI Connected!
wl0: addr:192.168.1.15
 Mask:255.255.255.0
 gw:192.168.1.1
 dns:192.168.1.1
wl0 DHCP Done!!
IpAddr: 192.168.1.15
NetMask: 255.255.255.0
GateWay: 192.168.1.1

# 
Connect to Golden successful...
Check ping cameraIP 
Check ping cameraIP round: 0
Ping reply from: 192.168.1.15 size:32 Time:6 TTL:255
Ping reply from: 192.168.1.15 size:32 Time:3 TTL:255
14:32:08
wl rssi
-65

# 

...-65
Check RSSI pass
14:32:08


iperf -c 192.168.1.200 -u -b 3M -t 1
iperf v2.0.5
setting:c, 192.168.1.200
setting:u, NULL
setting:b, 3M
setting:t, 1

# 
------------------------------------------------------------
Client connecting to 192.168.1.200, UDP port 5001
Sending 1470 byte datagrams
UDP buffer size: -1.00 Byte (default)
------------------------------------------------------------
[  3] local 0.0.0.0 port 64457 connected with 192.168.1.200 port 5001
====Start check PIR false trigger time 1 ======
[ ID] Interval       Tr14:32:09
ansfer     Bandwidth
[  3]  0.0- 1.0 sec  240 KBytes  1.93 Mbits/sec
[  3] Sent 167 datagrams
fmcu PIRINT_test 30
Start PIR interrupt with sensitivity: 30

# 
Wait 20 seconds and check result...
[  3] Server Report:
[  3]  0.0- 1.2 sec  240 KBytes  1.65 Mbits/sec   7.191 ms    1/  168 (0.6%)
iperf done
0 seconds 
14:32:10
fmcu PIRINT_read
PIR Value:0
PIR1:FAIL;
PIR2:FAIL;

# 
Count time: 1119
1 seconds 
14:32:11
fmcu PIRINT_read
PIR Value:0

PIR1:FAIL;
PIR2:FAIL;

# 
Count time: 2244
14:32:12
iperf -c 192.168.1.200 -u -b 3M -t 1
iperf v2.0.5
setting:c, 192.168.1.200
setting:u, NULL
setting:b, 3M
setting:t, 1

# 
------------------------------------------------------------
Client connecting to 192.168.1.200, UDP port 5001
Sending 1470 byte datagrams
UDP buffer size: -1.00 Byte (default)
------------------------------------------------------------
[  3] local 0.0.0.0 port 64458 connected with 192.168.1.200 port 5001
2 seconds 
14:32:12
fmcu PIRINT_read
PIR Value:0
PIR1:FAIL;
PIR2:FAIL;

# 
Count time: 3384
[  3]  0.0- 1.0 sec  244 KBytes  1.97 Mbits/sec
[  3] Sent 170 datagrams
[  3] Server Report:
[  3]  0.0- 1.2 sec  244 KBytes  1.71 Mbits/sec  10.675 ms    1/  171 (0.58%)
iperf done
3 seconds 
14:32:13
fmcu PIRINT_read
PIR Value:0
PIR1:FAIL;
PIR2:FAIL;

# 
Count time: 4541
4 seconds 
14:32:14
fmcu PIRINT_read
PIR Value:0
PIR1:FAIL;
PIR2:FAIL;

# 
Count time: 5681
5 seconds 
14:32:16
fmcu PIRINT_read
PIR Value:0

PIR1:FAIL;
PIR2:FAIL;

# 
Count time: 6822
14:32:16
iperf -c 192.168.1.200 -u -b 3M -t 1
iperf v2.0.5
setting:c, 192.168.1.200
setting:u, NULL
setting:b, 3M
setting:t, 1

# 
------------------------------------------------------------
Client connecting to 192.168.1.200, UDP port 5001
Sending 1470 byte datagrams
UDP buffer size: -1.00 Byte (default)
------------------------------------------------------------
[  3] local 0.0.0.0 port 64459 connected with 192.168.1.200 port 5001
6 seconds 
14:32:17
fmcu PIRINT_read
PIR Value:0
PIR1:FAIL;
PIR2:FAIL;

# 
Count time: 7994
[  3]  0.0- 1.0 sec  245 KBytes  1.98 Mbits/sec
[  3] Sent 171 datagrams
[  3] Server Report:
[  3]  0.0- 1.2 sec  245 KBytes  1.69 Mbits/sec   8.887 ms    1/  172 (0.58%)
iperf done
7 seconds 
14:32:18
fmcu PIRINT_read
PIR Value:0
PIR1:FAIL;

PIR2:FAIL;

# 
Count time: 9134
8 seconds 
14:32:19
fmcu PIRINT_read
PIR Value:0
PIR1:FAIL;
PIR2:FAIL;

# 
Count time: 10275
9 seconds 
14:32:20
fmcu PIRINT_read
PIR Value:0
PIR1:FAIL;
PIR2:FAIL;

# 
Count time: 11416
14:32:20
iperf -c 192.168.1.200 -u -b 3M -t 1
iperf v2.0.5
setting:c, 192.168.1.200
setting:u, NULL
setting:b, 3M
setting:t, 1

# 
------------------------------------------------------------
Client connecting to 192.168.1.200, UDP port 5001
Sending 1470 byte datagrams
UDP buffer size: -1.00 Byte (default)
------------------------------------------------------------
[  3] local 0.0.0.0 port 64460 connected with 192.168.1.200 port 5001
10 seconds 
14:32:21
fmcu PIRINT_read
PIR Value:0
PIR1:FAIL;
PIR2:FAIL;

# 
[  3]  0.0- 1.0 sec  243 KBytes  1.97 Mbits/sec
[  3] Sent 169 datagrams
Count time: 12556
[  3] Server Report:

[  3]  0.0- 1.2 sec  243 KBytes  1.72 Mbits/sec   8.997 ms    1/  170 (0.59%)
iperf done
11 seconds 
14:32:22
fmcu PIRINT_read
PIR Value:0
PIR1:FAIL;
PIR2:FAIL;

# 
Count time: 13713
12 seconds 
14:32:24
fmcu PIRINT_read
PIR Value:0

PIR1:FAIL;
PIR2:FAIL;

# 
Count time: 14869
========Check PIR false trigger 2G level 1 pass!========

check ipert log ......
ipert log : ------------------------------------------------------------
Server listening on UDP port 5001
Receiving 1470 byte datagrams
UDP buffer size: 64.0 KByte (default)
------------------------------------------------------------
[192] local 192.168.1.200 port 5001 connected with 192.168.1.15 port 64457
[ ID] Interval       Transfer     Bandwidth       Jitter   Lost/Total Datagrams
[192]  0.0- 1.0 sec   202 KBytes  1.66 Mbits/sec  7.840 ms 1546991982/  141 (1.1e+009%)
[192]  0.0- 1.2 sec   240 KBytes  1.65 Mbits/sec  7.192 ms    1/  168 (0.6%)
[192] local 192.168.1.200 port 5001 connected with 192.168.1.15 port 64458
[ ID] Interval       Transfer     Bandwidth       Jitter   Lost/Total Datagrams
[192]  0.0- 1.0 sec   208 KBytes  1.71 Mbits/sec  9.280 ms    0/  145 (0%)
[192]  0.0- 1.2 sec   244 KBytes  1.71 Mbits/sec  10.675 ms    1/  171 (0.58%)
[192] local 192.168.1.200 port 5001 connected with 192.168.1.15 port 64459
[ ID] Interval       Transfer     Bandwidth       Jitter   Lost/Total Datagrams
[192]  0.0- 1.0 sec   210 KBytes  1.72 Mbits/sec  8.430 ms    0/  146 (0%)
[192]  0.0- 1.2 sec   245 KBytes  1.69 Mbits/sec  8.888 ms    1/  172 (0.58%)
[192] local 192.168.1.200 port 5001 connected with 192.168.1.15 port 64460
[ ID] Interval       Transfer     Bandwidth       Jitter   Lost/Total Datagrams
[192]  0.0- 1.0 sec   211 KBytes  1.73 Mbits/sec  10.707 ms    0/  147 (0%)
[192]  0.0- 1.2 sec   243 KBytes  1.72 Mbits/sec  8.998 ms    1/  170 (0.59%)

PassRate2G = 100%
========Check throughput 2G pass========
mydas_detail5: ,SMO 2140017632,,SEMPID V0919299, rssi:, -65,1.69875,100,Channel 6,Ant1_Level_30,1,Ant1_Level_25,1,Ant1_Level_30,1,Ant1_Level_35,1,Time1,14.8786334,
===[ Test PIR false trigger 2G Ant1 passed... ]===

Ant2 done
Close CaliTool 
Delay 0 MiliSecond
==============Start show pass================
TEST PROGRAM VERSION:2.3.2.8  TEST CYCLE TIME:30
PASS Close COM ...

----------------Summary all test item--------------
Test item name                Result  Test time
 1.ConnectDUT                  PASS    0.82s 
 2.CheckFWVersion_Gen5         PASS    0.13s 
 3.ReadCertKey                 PASS    0.24s 
 4.CheckFalseTrigger_Falcon_2G_AntPASS    28.19s
 5.SendSfis                    -Skip-        
---------------------------------------------------
Write summary log server: F:\lsy\ID\U12I386T01\VMC5040-FXN-FEM\FT7 -> OK
Write summary log localD:\Arlo_Logs\U12I386T01\VMC5040-FXN-FEM\FT7\03-12-2020 -> OK
Details log local folder: D:\Arlo_Logs\U12I386T01\VMC5040-FXN-FEM\FT7\03-12-2020\PASS
Details log server folder: F:\lsy\ID\Detail\U12I386T01\VMC5040-FXN-FEM\FT7\03-12-2020\PASS
UserName Test Off: ========Show pass finish=============
This tester already tested 154 pcs after reboot golden
