ShowUIWait to have OVTI Serial Port
.
Start connect !
Start Open COM !
Setup: 21a1 70000
Get: rate 115200
Setup: 21a1 70000
Get: rate 115200
Setup: 21a1 70000
Get: rate 115200
Setup: 21a1 70000
Get: rate 115200
Setup: 2021 70000
Set: rate 115200, Stop 0, Parity 0, Data 8
Setup: 21a1 70000
Get: rate 115200
Setup: 2221 0
Host2Device with wLength = 0
control signal: 0x0
Setup: 2021 70000
Set: rate 115200, Stop 0, Parity 0, Data 8
Setup: 21a1 70000
Get: rate 115200
Setup: 21a1 70000
Get: rate 115200
Setup: 21a1 70000
Get: rate 115200
Setup: 2021 70000
Set: rate 115200, Stop 0, Parity 0, Data 8
Setup: 21a1 70000
Get: rate 115200
Setup: 2221 0
Host2Device with wLength = 0
control signal: 0x0
Setup: 2021 70000
Set: rate 115200, Stop 0, Parity 0, Data 8
Setup: 21a1 70000
Get: rate 115200
Setup: 2221 0
Host2Device with wLength = 0
control signal: 0x0

Wait # !


# 


# 
Connect DUT sussess.
09:13:55
set

wifi_ssid=test2
wifi_key=abcdef1234
wifi_ipaddr=192.168.0.100
wifi_netmask=255.255.255.0
wifi_gateway=192.168.0.1
smode=0

smode_by_command=false

usb_console=1



bsl_password=f867f867f867f867f867f8670e5dca66c84df867f867f867f867f867f8671666
M_boottest=2
M_bootfail=0
LTEon=0

# 

Collect data save to server
wifi_ssid=test2&&&wifi_key=abcdef1234&&&wifi_ipaddr=192.168.0.100&&&wifi_netmask=255.255.255.0&&&wifi_gateway=192.168.0.1&&&smode=0&&&smode_by_command=false&&&usb_console=1&&&bsl_password=f867f867f867f867f867f8670e5dca66c84df867f867f867f867f867f8671666&&&M_boottest=2&&&M_bootfail=0&&&LTEon=0
===[ Check burn in passed ... ]===

===[ Check ALS Loop ]===
09:13:55
unset burnin

# 
============CHECK ALS 2 LUX============= 

set_lux_234
OK-4
set_lux_234
OK-4
set_lux_234
OK-4


=============Start check 2Lux_IROff=============
======Check mode 2Lux_IROff time 1=====
09:13:57
gpio ir_en off

# 
09:13:58
fmcu ALSstop

# 
09:13:58
fmcu ALSstart

# 
Delay 3 seconds before read...
09:14:02
fmcu read
Dec:420
Hex:0x1a4

Voltage:0.1231


# 
fmcu read
Dec:420
Hex:0x1a4

Voltage:0.1231


# 
 
09:14:02
fmcu read
Dec:420
Hex:0x1a4

Voltage:0.1231


# 
fmcu read
Dec:420
Hex:0x1a4

Voltage:0.1231


# 
 
09:14:02
fmcu read
Dec:420
Hex:0x1a4

Voltage:0.1231


# 
fmcu read
Dec:420
Hex:0x1a4

Voltage:0.1231


# 
 
09:14:02
fmcu read
Dec:419
Hex:0x1a3

Voltage:0.1228


# 
fmcu read
Dec:419
Hex:0x1a3

Voltage:0.1228


# 
 
09:14:02
fmcu read
Dec:422
Hex:0x1a6

Voltage:0.1237


# 
fmcu read
Dec:422
Hex:0x1a6

Voltage:0.1237


# 
 
============CHECK ALS 5 LUX============= 

set_lux_212
OK-4
Set light 5lux pass. 


=============Start check 5Lux_IROff=============
======Check mode 5Lux_IROff time 1=====
09:14:03
gpio ir_en off

# 
09:14:03
fmcu ALSstop

# 
09:14:03
fmcu ALSstart

# 
Delay 2 seconds before read...
09:14:06
fmcu read
Dec:1130
Hex:0x46a

Voltage:0.3311


# 
fmcu read
Dec:1130
Hex:0x46a

Voltage:0.3311


# 
 
09:14:06
fmcu read
Dec:1134
Hex:0x46e

Voltage:0.3323


# 
fmcu read
Dec:1134
Hex:0x46e

Voltage:0.3323


# 
 
09:14:06
fmcu read
Dec:1129
Hex:0x469

Voltage:0.3308


# 
fmcu read
Dec:1129
Hex:0x469

Voltage:0.3308


# 
 
09:14:06
fmcu read
Dec:1129
Hex:0x469

Voltage:0.3308


# 
fmcu read
Dec:1129
Hex:0x469

Voltage:0.3308


# 
 
09:14:06
fmcu read
Dec:1129
Hex:0x469

Voltage:0.3308


# 
fmcu read
Dec:1129
Hex:0x469

Voltage:0.3308


# 
 


=============Start check 5Lux_IROn=============
======Check mode 5Lux_IROn time 1=====
09:14:06
gpio ir_en on

# 
09:14:06
fmcu ALSstop

# 
09:14:07
fmcu ALSstart

# 
Delay 2 seconds before read...
09:14:09
fmcu read
Dec:2734
Hex:0xaae

Voltage:0.8012


# 
fmcu read
Dec:2734
Hex:0xaae

Voltage:0.8012


# 
 
09:14:09
fmcu read
Dec:2727
Hex:0xaa7

Voltage:0.7991


# 
fmcu read
Dec:2727
Hex:0xaa7

Voltage:0.7991


# 
 
09:14:09
fmcu read
Dec:2733
Hex:0xaad

Voltage:0.8009


# 
fmcu read
Dec:2733
Hex:0xaad

Voltage:0.8009


# 
 
09:14:09
fmcu read
Dec:2731
Hex:0xaab

Voltage:0.8003


# 
fmcu read
Dec:2731
Hex:0xaab

Voltage:0.8003


# 
 
09:14:09
fmcu read
Dec:2723
Hex:0xaa3

Voltage:0.7979


# 
fmcu read
Dec:2723
Hex:0xaa3

Voltage:0.7979


# 
 
============CHECK ALS 10 LUX============= 

set_lux_181
OK-4
set light 10lux pass 


=============Start check 10Lux_IROn=============
======Check mode 10Lux_IROn time 1=====
09:14:10
gpio ir_en on

# 
09:14:10
fmcu ALSstop

# 
09:14:11
fmcu ALSstart

# 
Delay 2 seconds before read...
09:14:13
fmcu read
Dec:3799
Hex:0xed7

Voltage:1.1133


# 
fmcu read
Dec:3799
Hex:0xed7

Voltage:1.1133


# 
 
09:14:13
fmcu read
Dec:3798
Hex:0xed6

Voltage:1.1130


# 
fmcu read
Dec:3798
Hex:0xed6

Voltage:1.1130


# 
 
09:14:13
fmcu read
Dec:3793
Hex:0xed1

Voltage:1.1115


# 
fmcu read
Dec:3793
Hex:0xed1

Voltage:1.1115


# 
 
09:14:13
fmcu read
Dec:3803
Hex:0xedb

Voltage:1.1144


# 
fmcu read
Dec:3803
Hex:0xedb

Voltage:1.1144


# 
 
09:14:13
fmcu read
Dec:3800
Hex:0xed8

Voltage:1.1136


# 
fmcu read
Dec:3800
Hex:0xed8

Voltage:1.1136


# 
 
=============Start calculate  ALS slope && offset =============
slope = (5 lux off - 2 lux off)/3: (768 - 286) / 3 = 160 
offset = 5 lux off - slop * 5: 768 - 160 * 5 = -32  
=============Calculate  ALS 10lux IR_OFF=============
10Lux ir off = 10 * slope + offset:  10 * 160 + -32 = 1568 
============ Calculate  ALS 1 lux IR_OFF=============
1Lux ir off = 1 * slope + offset:  1 * 160 + -32 = 128 
=============START CALCULATE AVG=============  
=============start Calculate AVG 2lux ir_off=============  
420  420  420  419  422    
Avg =420 
Convert =286

=============start Calculate AVG 5lux ir_off=============  
1130  1134  1129  1129  1129    
Avg =1130 
Convert =768

=============start Calculate AVG 5lux ir_on=============  
2734  2727  2733  2731  2723    
Avg =2729 
Convert =1856

=============start Calculate AVG 10lux ir_on=============  
3799  3798  3793  3803  3800    
Avg =3798 
Convert =2583

=============start Calculate AVG 10lux ir_oFF=============  
Avg =2306 
Convert = 1568 
=============start Calculate AVG 1lux =============  
Avg =188 
Convert = 128 
/////Check lux value method 1///// 
 AVG 2Lux IR_OFF (100,440): 420 pass 
/////Check lux value method 6///// 
  (5lux on - 2lux off) ( 750- 2500) : 2729 - 420 = 2309 pass 
============ Check ALS 1 lux IR_OFF=============
ALS1 check 1 lux value  > 10: 128  pass 
/////Check lux value method 2///// 
  E-C IR_OFF(10lux - 5lux) > 300: 2306 - 1130 = 1176 pass 
/////Check lux value method 3///// 
  D-B IR_ON(10lux - 5lux) > 300: 3798 - 2729 = 1069 pass 
Copy standard script.
09:14:14
smode 4
Calfw

# 
PASS Close COM ...
Power off/on by mcu
UI->MCU: POWER_ON
POWER_ON_OK

UI->MCU: POWER_OFF
POWER_OFF_OK
--------- Wait for Libusb --------
.....
===[ Change to cali mode passed ... ]===

Check Image 5lux10lux in Calimode time 1
Before is already it 10 lux, don't need Set light box to 10 lux...
Copy standard script.
===[ open calitool passed ... ]===

===[ Check 5lux 10lux ]===
==========Start check 10lux image =========
09:14:21 : start click10LUX, 0x2fd2, OK
09:14:23  : click 10lux button success...
Close: OV798 CaliTool
========== set  5lux light==========
set_lux_212
OK-4
Set light 5lux success...
Power off/on by mcu
UI->MCU: POWER_ON
POWER_ON_OK
UI->MCU: POWER_OFF
POWER_OFF_OK
.....copy standard script.
===[ open calitool passed ... ]===

=========Check 5lux image===========
09:14:29 : start click5LUX, 0x1e64, OK
09:14:30Auto click 5lux button success...
ALScali:0x1e640x2fd2
Check 10Lux -5Lux cali value in (2000 - 5000):  12242- 7780 = 4462  pass 
===[ Test 5lux,10lux passed ... ]===
Delay 0 MiliSecond
==============Start show pass================
TEST PROGRAM VERSION:2.3.2.8  TEST CYCLE TIME:36

----------------Summary all test item--------------
Test item name                Result  Test time
 1.ConnectDUT                  PASS    1.58s 
 2.CheckBurnIn                 PASS    0.1s  
 3.CheckALSLoopAuto1           PASS    17.8s 
 4.OpenCaliMode                PASS    5.95s 
 5.Check5lux10lux1             PASS    11.04s
 6.SendSfis                    -Skip-        
---------------------------------------------------
Write summary log server: F:\lsy\ID\U12I345T99\MODEL NAME \FT1 -> OK
Write summary log localD:\Arlo_Logs\U12I345T99\MODEL NAME \FT1\27-11-2020 -> OK
Details log local folder: D:\Arlo_Logs\U12I345T99\MODEL NAME \FT1\27-11-2020\PASS
Details log server folder: F:\lsy\ID\Detail\U12I345T99\MODEL NAME \FT1\27-11-2020\PASS
UserName Test Off: TEStart copy D:\FT1(U12I345T99) - Copy\CaliTool\output to D:\Arlo_CaliTool\PASS\33333333333333333_09_14_32.
Datetime (yyyy-MM-dd HH:mm:ss): 2020-11-27 09:14:32
Start copy D:\FT1(U12I345T99) - Copy\CaliTool\output\Info to D:\Arlo_CaliTool\PASS\33333333333333333_09_14_32\Info.
Datetime (yyyy-MM-dd HH:mm:ss): 2020-11-27 09:14:32
Start copy D:\FT1(U12I345T99) - Copy\CaliTool\output\Info\dutinfo.txt to D:\Arlo_CaliTool\PASS\33333333333333333_09_14_32\Info\dutinfo.txt.
Copy success...
Start copy D:\FT1(U12I345T99) - Copy\CaliTool\output\Lum_10Lux to D:\Arlo_CaliTool\PASS\33333333333333333_09_14_32\Lum_10Lux.
Datetime (yyyy-MM-dd HH:mm:ss): 2020-11-27 09:14:32
Start copy D:\FT1(U12I345T99) - Copy\CaliTool\output\Lum_10Lux\a046041c179.txt to D:\Arlo_CaliTool\PASS\33333333333333333_09_14_32\Lum_10Lux\a046041c179.txt.
Copy success...
Start copy D:\FT1(U12I345T99) - Copy\CaliTool\output\Lum_5Lux to D:\Arlo_CaliTool\PASS\33333333333333333_09_14_32\Lum_5Lux.
Datetime (yyyy-MM-dd HH:mm:ss): 2020-11-27 09:14:32
Start copy D:\FT1(U12I345T99) - Copy\CaliTool\output\Lum_5Lux\a046041c179.txt to D:\Arlo_CaliTool\PASS\33333333333333333_09_14_32\Lum_5Lux\a046041c179.txt.
Copy success...
========Show pass finish=============
