SN send to sfis: A0939A71AB1D1
Time UI-SFIS: 2020/11/20 11:16:13

ShowUIWait to have OVTI Serial Port
.
Start connect !
Start Open COM !
221 0
Host2Dev Length [0]!!!
control signal: 0x0
Setup: 2221 0
Host2Dev Length [0]!!!
control signal: 0x0
Setup: 21a1 70000
Get: rate 115200
Setup: 21a1 70000
Get: rate 115200
Setup: 21a1 70000
Get: rate 115200
Setup: 21a1 70000
Get: rate 115200
Setup: 2021 70000
Set: rate 115200, Stop 0, Parity 0, Data 8
Setup: 21a1 70000
Get: rate 115200
Setup: 2221 0
Host2Dev Length [0]!!!
control signal: 0x0
Setup: 2021 70000
Set: rate 115200, Stop 0, Parity 0, Data 8
Setup: 21a1 70000
Get: rate 115200
Setup: 21a1 70000
Get: rate 115200
Setup: 21a1 70000
Get: rate 115200
Setup: 2021 70000
Set: rate 115200, Stop 0, Parity 0, Data 8
Setup: 21a1 70000
Get: rate 115200
Setup: 2221 0
Host2Dev Length [0]!!!
control signal: 0x0
Setup: 2021 70000
Set: rate 115200, Stop 0, Parity 0, Data 8
Setup: 21a1 70000
Get: rate 115200
Setup: 2221 0
Host2Dev Length [0]!!!
control signal: 0x0

Wait # !


# 


# 
Connect DUT sussess.
Default IP DUT: 192.168.1.250
Ping reply from: 192.168.1.250 size:32 Time:0 TTL:64
Ping reply from: 192.168.1.250 size:32 Time:1 TTL:64
MAC: 3C37867017EA
--> Telnet: 192.168.1.250 3C37867017EA
????!????login: admin

Password: === IMPORTANT ============================
 Use 'passwd' to set your login password
 this will disable telnet and enable SSH
------------------------------------------


BusyBox v1.23.2 (2019-01-11 15:25:09 CST) built-in shell (ash)

                                                 
      ###        #    #   #   #       #          
     #  ##       #        #  #                   
    #    #  ###  ###  #   #  #   ###  #  ###  ## 
    #   #   #   ## # #    # #   #  # #  #    # # 
    #   #  #    #  # #     ##   #  # #  #    ### 
     ###   #    ###  #     #    ###  #  ###  ### 

 2018
 ---------------------------------------------------------------
   For those about to rock... (Chaos Calmer, r122992)
 ---------------------------------------------------------------
root@RBS40V:/# 
root@RBS40V:/# Telnet DUT pass!!!
===[ Telnet to DUT OK ... ]===

.
OV comport opened..
info
FXCN version: 20190814_mfg 
Build Time: 09:02:06 Aug 14 2019

FXCN version: 20190814685

IQC version: 20190628 V0.1.2
Board ID: 5

MAC: A4:11:62:56:4E:C4, id2 0

SERIAL_NUM: A0939A71AB1D1

MODEL_NUM: VMC4040P

HW_REV: H9

BLE_MAC: A4:11:62:56:4E:C5, id2 5

ALS_LLUX: 42.87%

ALS_THRES_LUX: 068586

ALS_HLUX: 42.77%

2g_ssid: testgen5

2g_passwd: 123456a@123456
error: data length is forbidden as 0 when read serial flash

wl_bd_pref: 0x00 0x00 0x00 0x00 
error: data length is forbidden as 0 when read serial flash

enc_key: 0x00 0x00 0x00 0x00 0x00 0x00 0x00 0x00 0x00 0x00 0x00 0x00 0x00 0x00 0x00 0x00 
error: data length is forbidden as 0 when read serial flash

auth_key: 0x00 0x00 0x00 0x00 0x00 0x00 0x00 0x00 0x00 0x00 0x00 0x00 0x00 0x00 0x00 0x00 0x00 0x00 0x00 0x00 0x00 0x00 0x00 0x00 0x00 0x00 0x00 0x00 0x00 0x00 0x00 0x00 
error: data length is forbidden as 0 when read serial flash

wrap_key: 0x00 0x00 0x00 0x00 0x00 0x00 0x00 0x00 0x00 0x00 0x00 0x00 0x00 0x00 0x00 0x00 
error: data length is forbidden as 0 when read serial flash

wrap_data: 0x00 0x00 0x00 0x00 0x00 0x00 0x00 0x00 0x00 0x00 0x00 0x00 0x00 0x00 0x00 0x00 
error: data length is forbidden as 0 when read serial flash

ALS_IR_LEAKAGE: 

# 
DUTMAC: A4:11:62:56:4E:C4
===[ Check firmware version passed ... ]===

===[ Check wake up by mic]===
=========Check HIGH level ==============
using OBV
export mic_min=2100

# 
Set range of mic detection: mic_min=2100
export mic_max=2700

# 
Set range of mic detection: mic_max=2700
????!????login: admin

Password: === IMPORTANT ============================
 Use 'passwd' to set your login password
 this will disable telnet and enable SSH
------------------------------------------


BusyBox v1.23.2 (2019-01-11 15:25:09 CST) built-in shell (ash)

                                                 
      ###        #    #   #   #       #          
     #  ##       #        #  #                   
    #    #  ###  ###  #   #  #   ###  #  ###  ## 
    #   #   #   ## # #    # #   #  # #  #    # # 
    #   #  #    #  # #     ##   #  # #  #    ### 
     ###   #    ###  #     #    ###  #  ###  ### 

 2018
 ---------------------------------------------------------------
   For those about to rock... (Chaos Calmer, r122992)
 ---------------------------------------------------------------
root@RBS40V:/# 
root@RBS40V:/# Re-Telnet O
Start check Path#2: MIC ADC INT
11:16:22
fmcu MICstop
FXCN_mcu_write hci data cmd=8

# 
Open .wav file from OBV to make sound level: aplay 95dBSPL.wav
fmcu MICstart 2 4
FXCN_mcu_write hci data cmd=7
aplay 95dBSPL.wav
Playing WAVE '95dBSPL.wav' : Signed 16 bit Little Endian, Rate 48000 Hz, Mono
MIC Value:1
MIC ADC INT: PASS

# 
close Telnet2
Stop play file level: aplay 95dBSPL.wav
=========Check LOW level ==============
using OBV
export mic_min=2100

# 
Set range of mic detection: mic_min=2100
export mic_max=2700

# 
Set range of mic detection: mic_max=2700
????!????login: admin

Password: === IMPORTANT ============================
 Use 'passwd' to set your login password
 this will disable telnet and enable SSH
------------------------------------------


BusyBox v1.23.2 (2019-01-11 15:25:09 CST) built-in shell (ash)

                                                 
      ###        #    #   #   #       #          
     #  ##       #        #  #                   
    #    #  ###  ###  #   #  #   ###  #  ###  ## 
    #   #   #   ## # #    # #   #  # #  #    # # 
    #   #  #    #  # #     ##   #  # #  #    ### 
     ###   #    ###  #     #    ###  #  ###  ### 

 2018
 ---------------------------------------------------------------
   For those about to rock... (Chaos Calmer, r122992)
 ---------------------------------------------------------------
root@RBS40V:/# 
root@RBS40V:/# Re-Telnet O
Start check Path#1: MIC VM1010
11:16:27
fmcu MICstop
FXCN_mcu_write hci data cmd=8

# 
Open .wav file from OBV to make sound level: version
fmcu MICstart 1 4
FXCN_mcu_write hci data cmd=7
version
                  U12H380T01/V2.2.1.94/1.0.57
           Time : Jan 11 2019 17:33:57
    CFE version : V1.0.15
root@RBS40V:/# 
root@RBS40V:/# MIC Value:0
MIC Value:0
MIC Value:0

MIC Value:0
MIC Value:0
MIC Value:0
MIC Value:0
MIC Value:0
MIC Value:0
MIC Value:0
MIC Value:0
MIC Value:0
MIC Value:0
MIC Value:0
MIC Value:0
MIC Value:0
MIC Value:0
MIC Value:0
MIC Value:0
MIC Value:0

# 
close Telnet2
Stop play file level: version
Delay 0 MiliSecond
==============Start show pass================
TEST PROGRAM VERSION:2.3.2.8  TEST CYCLE TIME:19
PASS Close COM ...

----------------Summary all test item--------------
Test item name                Result  Test time
 1.ConnectDUT                  PASS    2.52s 
 2.TelnetDUT                   PASS    2.45s 
 3.CheckFWVersion              PASS    0.18s 
 4.Falcon_CheckWakeUpByMic     PASS    13.6s 
 5.SendSfis                    -Skip-        
---------------------------------------------------
Write summary log server: F:\lsy\ID\U12I393\MODEL NAME \FT0 -> OK
Write summary log localD:\Arlo_Logs\U12I393\MODEL NAME \FT0\20-11-2020 -> OK
Details log local folder: D:\Arlo_Logs\U12I393\MODEL NAME \FT0\20-11-2020\PASS
Details log server folder: F:\lsy\ID\Detail\U12I393\MODEL NAME \FT0\20-11-2020\PASS
UserName Test OfG: 